../Core/Src/floodfill_library.cpp:53:6:bool isCellExplored(int, int)	0	static
../Core/Src/floodfill_library.cpp:64:5:int getWallConfig(int, int)	0	static
../Core/Src/floodfill_library.cpp:75:5:int getCellDistance(int, int)	0	static
../Core/Src/floodfill_library.cpp:87:6:bool isWall(int, int, int)	0	static
../Core/Src/floodfill_library.cpp:176:6:void updateAdjacentWalls(mazeCell*, int, bool)	0	static
../Core/Src/floodfill_library.cpp:187:6:void surveyCell(int, int, int)	56	static
../Core/Src/floodfill_library.cpp:240:6:void floodfillReset()	8	static
C:\ST\STM32CubeIDE_1.16.1\STM32CubeIDE\plugins\com.st.stm32cube.ide.mcu.externaltools.gnu-tools-for-stm32.12.3.rel1.win32_1.0.200.202406191623\tools\bin/../lib/gcc/arm-none-eabi/12.3.1/../../../../arm-none-eabi/include/c++/12.3.1/bits/deque.tcc:484:7:) [with _Args = {std::array<int, 3>}; _Tp = std::array<int, 3>; _Alloc = std::allocator<std::array<int, 3> >]	32	static
C:\ST\STM32CubeIDE_1.16.1\STM32CubeIDE\plugins\com.st.stm32cube.ide.mcu.externaltools.gnu-tools-for-stm32.12.3.rel1.win32_1.0.200.202406191623\tools\bin/../lib/gcc/arm-none-eabi/12.3.1/../../../../arm-none-eabi/include/c++/12.3.1/bits/deque.tcc:164:7:) [with _Args = {std::array<int, 3>}; _Tp = std::array<int, 3>; _Alloc = std::allocator<std::array<int, 3> >]	16	static
../Core/Src/floodfill_library.cpp:101:6:void floodfillUtil(int, int, int)	48	static
../Core/Src/floodfill_library.cpp:141:6:void floodfillUpdate(bool)	64	static
../Core/Src/floodfill_library.cpp:247:1:cpp)	24	static
../Core/Src/floodfill_library.cpp:247:1:cpp)	16	static
