../Core/Src/mouse_movement_library.cpp:34:5:int getXPos()	0	static
../Core/Src/mouse_movement_library.cpp:38:5:int getYPos()	0	static
../Core/Src/mouse_movement_library.cpp:42:11:Direction getDirection()	0	static
../Core/Src/mouse_movement_library.cpp:48:6:void updatePos()	0	static
../Core/Src/mouse_movement_library.cpp:61:6:void changeDirect(char)	8	static
../Core/Src/mouse_movement_library.cpp:76:6:void mouseMove(char)	8	static
../Core/Src/mouse_movement_library.cpp:115:6:char translateMove(char)	32	static
../Core/Src/mouse_movement_library.cpp:131:6:void feignMove(char)	8	static
../Core/Src/mouse_movement_library.cpp:160:6:void resetMouse(int)	0	static
../Core/Src/mouse_movement_library.cpp:164:1:cpp)	0	static
../Core/Src/mouse_movement_library.cpp:164:1:cpp)	0	static
