../Core/Src/mouse_movement_library.cpp:57:6:void changeDirect(char)	0	static
../Core/Src/mouse_movement_library.cpp:30:5:int getXPos()	0	static
../Core/Src/mouse_movement_library.cpp:34:5:int getYPos()	0	static
../Core/Src/mouse_movement_library.cpp:38:5:int getDirection()	0	static
../Core/Src/mouse_movement_library.cpp:44:6:void updatePos()	0	static
../Core/Src/mouse_movement_library.cpp:57:6:void changeDirect(char)	0	static
../Core/Src/mouse_movement_library.cpp:72:6:void mouseMove(char)	8	static
../Core/Src/mouse_movement_library.cpp:111:6:char translateMove(char)	32	static
../Core/Src/mouse_movement_library.cpp:127:6:void feignMove(char)	8	static
../Core/Src/mouse_movement_library.cpp:156:6:void resetMouse(int)	0	static
