../Core/Src/navigation_algorithm.cpp:27:6:char getBestMove()	24	static
../Core/Src/navigation_algorithm.cpp:57:6:void beginExplorationMode()	24	static
../Core/Src/navigation_algorithm.cpp:102:6:bool queueBestPath()	48	static
C:\ST\STM32CubeIDE_1.16.1\STM32CubeIDE\plugins\com.st.stm32cube.ide.mcu.externaltools.gnu-tools-for-stm32.12.3.rel1.win32_1.0.200.202406191623\tools\bin/../lib/gcc/arm-none-eabi/12.3.1/../../../../arm-none-eabi/include/c++/12.3.1/bits/stl_deque.h:1574:7:void std::deque<_Tp, _Alloc>::pop_front() [with _Tp = char; _Alloc = std::allocator<char>]	8	static
../Core/Src/navigation_algorithm.cpp:137:6:void clearSpeedQueue()	8	static
../Core/Src/navigation_algorithm.cpp:147:6:void beginSpeedMode()	8	static
../Core/Src/navigation_algorithm.cpp:152:1:cpp)	24	static
../Core/Src/navigation_algorithm.cpp:152:1:cpp)	16	static
