Archive member included to satisfy reference by file (symbol)

C:/ST/STM32CubeIDE_1.16.1/STM32CubeIDE/plugins/com.st.stm32cube.ide.mcu.externaltools.gnu-tools-for-stm32.12.3.rel1.win32_1.0.200.202406191623/tools/bin/../lib/gcc/arm-none-eabi/12.3.1/../../../../arm-none-eabi/lib/thumb/v7-m/nofp\libstdc++_nano.a(del_ops.o)
                              ./Core/Src/floodfill_library.o (operator delete(void*, unsigned int))
C:/ST/STM32CubeIDE_1.16.1/STM32CubeIDE/plugins/com.st.stm32cube.ide.mcu.externaltools.gnu-tools-for-stm32.12.3.rel1.win32_1.0.200.202406191623/tools/bin/../lib/gcc/arm-none-eabi/12.3.1/../../../../arm-none-eabi/lib/thumb/v7-m/nofp\libstdc++_nano.a(new_op.o)
                              ./Core/Src/floodfill_library.o (operator new(unsigned int))
C:/ST/STM32CubeIDE_1.16.1/STM32CubeIDE/plugins/com.st.stm32cube.ide.mcu.externaltools.gnu-tools-for-stm32.12.3.rel1.win32_1.0.200.202406191623/tools/bin/../lib/gcc/arm-none-eabi/12.3.1/../../../../arm-none-eabi/lib/thumb/v7-m/nofp\libstdc++_nano.a(allocator-inst.o)
                              ./Core/Src/navigation_algorithm.o (std::allocator<char>::allocator())
C:/ST/STM32CubeIDE_1.16.1/STM32CubeIDE/plugins/com.st.stm32cube.ide.mcu.externaltools.gnu-tools-for-stm32.12.3.rel1.win32_1.0.200.202406191623/tools/bin/../lib/gcc/arm-none-eabi/12.3.1/../../../../arm-none-eabi/lib/thumb/v7-m/nofp\libstdc++_nano.a(functexcept.o)
                              ./Core/Src/floodfill_library.o (std::__throw_bad_alloc())
C:/ST/STM32CubeIDE_1.16.1/STM32CubeIDE/plugins/com.st.stm32cube.ide.mcu.externaltools.gnu-tools-for-stm32.12.3.rel1.win32_1.0.200.202406191623/tools/bin/../lib/gcc/arm-none-eabi/12.3.1/../../../../arm-none-eabi/lib/thumb/v7-m/nofp\libstdc++_nano.a(del_op.o)
                              C:/ST/STM32CubeIDE_1.16.1/STM32CubeIDE/plugins/com.st.stm32cube.ide.mcu.externaltools.gnu-tools-for-stm32.12.3.rel1.win32_1.0.200.202406191623/tools/bin/../lib/gcc/arm-none-eabi/12.3.1/../../../../arm-none-eabi/lib/thumb/v7-m/nofp\libstdc++_nano.a(del_ops.o) (operator delete(void*))
C:/ST/STM32CubeIDE_1.16.1/STM32CubeIDE/plugins/com.st.stm32cube.ide.mcu.externaltools.gnu-tools-for-stm32.12.3.rel1.win32_1.0.200.202406191623/tools/bin/../lib/gcc/arm-none-eabi/12.3.1/../../../../arm-none-eabi/lib/thumb/v7-m/nofp\libstdc++_nano.a(new_handler.o)
                              C:/ST/STM32CubeIDE_1.16.1/STM32CubeIDE/plugins/com.st.stm32cube.ide.mcu.externaltools.gnu-tools-for-stm32.12.3.rel1.win32_1.0.200.202406191623/tools/bin/../lib/gcc/arm-none-eabi/12.3.1/../../../../arm-none-eabi/lib/thumb/v7-m/nofp\libstdc++_nano.a(new_op.o) (std::get_new_handler())
C:/ST/STM32CubeIDE_1.16.1/STM32CubeIDE/plugins/com.st.stm32cube.ide.mcu.externaltools.gnu-tools-for-stm32.12.3.rel1.win32_1.0.200.202406191623/tools/bin/../lib/gcc/arm-none-eabi/12.3.1/../../../../arm-none-eabi/lib/thumb/v7-m/nofp\libc_nano.a(libc_a-abort.o)
                              C:/ST/STM32CubeIDE_1.16.1/STM32CubeIDE/plugins/com.st.stm32cube.ide.mcu.externaltools.gnu-tools-for-stm32.12.3.rel1.win32_1.0.200.202406191623/tools/bin/../lib/gcc/arm-none-eabi/12.3.1/../../../../arm-none-eabi/lib/thumb/v7-m/nofp\libstdc++_nano.a(new_op.o) (abort)
C:/ST/STM32CubeIDE_1.16.1/STM32CubeIDE/plugins/com.st.stm32cube.ide.mcu.externaltools.gnu-tools-for-stm32.12.3.rel1.win32_1.0.200.202406191623/tools/bin/../lib/gcc/arm-none-eabi/12.3.1/../../../../arm-none-eabi/lib/thumb/v7-m/nofp\libc_nano.a(libc_a-exit.o)
                              C:/ST/STM32CubeIDE_1.16.1/STM32CubeIDE/plugins/com.st.stm32cube.ide.mcu.externaltools.gnu-tools-for-stm32.12.3.rel1.win32_1.0.200.202406191623/tools/bin/../lib/gcc/arm-none-eabi/12.3.1/../../../../arm-none-eabi/lib/thumb/v7-m/nofp/crt0.o (exit)
C:/ST/STM32CubeIDE_1.16.1/STM32CubeIDE/plugins/com.st.stm32cube.ide.mcu.externaltools.gnu-tools-for-stm32.12.3.rel1.win32_1.0.200.202406191623/tools/bin/../lib/gcc/arm-none-eabi/12.3.1/../../../../arm-none-eabi/lib/thumb/v7-m/nofp\libc_nano.a(libc_a-malloc.o)
                              C:/ST/STM32CubeIDE_1.16.1/STM32CubeIDE/plugins/com.st.stm32cube.ide.mcu.externaltools.gnu-tools-for-stm32.12.3.rel1.win32_1.0.200.202406191623/tools/bin/../lib/gcc/arm-none-eabi/12.3.1/../../../../arm-none-eabi/lib/thumb/v7-m/nofp\libstdc++_nano.a(new_op.o) (malloc)
C:/ST/STM32CubeIDE_1.16.1/STM32CubeIDE/plugins/com.st.stm32cube.ide.mcu.externaltools.gnu-tools-for-stm32.12.3.rel1.win32_1.0.200.202406191623/tools/bin/../lib/gcc/arm-none-eabi/12.3.1/../../../../arm-none-eabi/lib/thumb/v7-m/nofp\libc_nano.a(libc_a-mallocr.o)
                              C:/ST/STM32CubeIDE_1.16.1/STM32CubeIDE/plugins/com.st.stm32cube.ide.mcu.externaltools.gnu-tools-for-stm32.12.3.rel1.win32_1.0.200.202406191623/tools/bin/../lib/gcc/arm-none-eabi/12.3.1/../../../../arm-none-eabi/lib/thumb/v7-m/nofp\libc_nano.a(libc_a-malloc.o) (_malloc_r)
[...]
Memory Configuration

Name             Origin             Length             Attributes
RAM              0x20000000         0x00005000         xrw
FLASH            0x08000000         0x00010000         xr
*default*        0x00000000         0xffffffff

Linker script and memory map

LOAD C:/ST/STM32CubeIDE_1.16.1/STM32CubeIDE/plugins/com.st.stm32cube.ide.mcu.externaltools.gnu-tools-for-stm32.12.3.rel1.win32_1.0.200.202406191623/tools/bin/../lib/gcc/arm-none-eabi/12.3.1/thumb/v7-m/nofp/crti.o
LOAD C:/ST/STM32CubeIDE_1.16.1/STM32CubeIDE/plugins/com.st.stm32cube.ide.mcu.externaltools.gnu-tools-for-stm32.12.3.rel1.win32_1.0.200.202406191623/tools/bin/../lib/gcc/arm-none-eabi/12.3.1/thumb/v7-m/nofp/crtbegin.o
LOAD C:/ST/STM32CubeIDE_1.16.1/STM32CubeIDE/plugins/com.st.stm32cube.ide.mcu.externaltools.gnu-tools-for-stm32.12.3.rel1.win32_1.0.200.202406191623/tools/bin/../lib/gcc/arm-none-eabi/12.3.1/../../../../arm-none-eabi/lib/thumb/v7-m/nofp/crt0.o
LOAD ./Core/Src/API.o
LOAD ./Core/Src/floodfill_library.o
LOAD ./Core/Src/gpio.o
LOAD ./Core/Src/main.o
LOAD ./Core/Src/mouse_movement_library.o
LOAD ./Core/Src/navigation_algorithm.o
LOAD ./Core/Src/stm32f1xx_hal_msp.o
LOAD ./Core/Src/stm32f1xx_it.o
LOAD ./Core/Src/syscalls.o
LOAD ./Core/Src/sysmem.o
LOAD ./Core/Src/system_stm32f1xx.o
LOAD ./Core/Src/tim.o
LOAD ./Core/Startup/startup_stm32f103c8tx.o
LOAD ./Drivers/STM32F1xx_HAL_Driver/Src/stm32f1xx_hal.o
LOAD ./Drivers/STM32F1xx_HAL_Driver/Src/stm32f1xx_hal_cortex.o
LOAD ./Drivers/STM32F1xx_HAL_Driver/Src/stm32f1xx_hal_dma.o
LOAD ./Drivers/STM32F1xx_HAL_Driver/Src/stm32f1xx_hal_exti.o
LOAD ./Drivers/STM32F1xx_HAL_Driver/Src/stm32f1xx_hal_flash.o
LOAD ./Drivers/STM32F1xx_HAL_Driver/Src/stm32f1xx_hal_flash_ex.o
LOAD ./Drivers/STM32F1xx_HAL_Driver/Src/stm32f1xx_hal_gpio.o
LOAD ./Drivers/STM32F1xx_HAL_Driver/Src/stm32f1xx_hal_gpio_ex.o
LOAD ./Drivers/STM32F1xx_HAL_Driver/Src/stm32f1xx_hal_pwr.o
LOAD ./Drivers/STM32F1xx_HAL_Driver/Src/stm32f1xx_hal_rcc.o
LOAD ./Drivers/STM32F1xx_HAL_Driver/Src/stm32f1xx_hal_rcc_ex.o
LOAD ./Drivers/STM32F1xx_HAL_Driver/Src/stm32f1xx_hal_tim.o
LOAD ./Drivers/STM32F1xx_HAL_Driver/Src/stm32f1xx_hal_tim_ex.o
START GROUP
LOAD C:/ST/STM32CubeIDE_1.16.1/STM32CubeIDE/plugins/com.st.stm32cube.ide.mcu.externaltools.gnu-tools-for-stm32.12.3.rel1.win32_1.0.200.202406191623/tools/bin/../lib/gcc/arm-none-eabi/12.3.1/../../../../arm-none-eabi/lib/thumb/v7-m/nofp\libstdc++_nano.a
LOAD C:/ST/STM32CubeIDE_1.16.1/STM32CubeIDE/plugins/com.st.stm32cube.ide.mcu.externaltools.gnu-tools-for-stm32.12.3.rel1.win32_1.0.200.202406191623/tools/bin/../lib/gcc/arm-none-eabi/12.3.1/../../../../arm-none-eabi/lib/thumb/v7-m/nofp\libsupc++_nano.a
END GROUP
LOAD C:/ST/STM32CubeIDE_1.16.1/STM32CubeIDE/plugins/com.st.stm32cube.ide.mcu.externaltools.gnu-tools-for-stm32.12.3.rel1.win32_1.0.200.202406191623/tools/bin/../lib/gcc/arm-none-eabi/12.3.1/../../../../arm-none-eabi/lib/thumb/v7-m/nofp\libstdc++_nano.a
LOAD C:/ST/STM32CubeIDE_1.16.1/STM32CubeIDE/plugins/com.st.stm32cube.ide.mcu.externaltools.gnu-tools-for-stm32.12.3.rel1.win32_1.0.200.202406191623/tools/bin/../lib/gcc/arm-none-eabi/12.3.1/../../../../arm-none-eabi/lib/thumb/v7-m/nofp\libm.a
LOAD C:/ST/STM32CubeIDE_1.16.1/STM32CubeIDE/plugins/com.st.stm32cube.ide.mcu.externaltools.gnu-tools-for-stm32.12.3.rel1.win32_1.0.200.202406191623/tools/bin/../lib/gcc/arm-none-eabi/12.3.1/../../../../arm-none-eabi/lib/thumb/v7-m/nofp\libc_nano.a
START GROUP
LOAD C:/ST/STM32CubeIDE_1.16.1/STM32CubeIDE/plugins/com.st.stm32cube.ide.mcu.externaltools.gnu-tools-for-stm32.12.3.rel1.win32_1.0.200.202406191623/tools/bin/../lib/gcc/arm-none-eabi/12.3.1/thumb/v7-m/nofp\libgcc.a
LOAD C:/ST/STM32CubeIDE_1.16.1/STM32CubeIDE/plugins/com.st.stm32cube.ide.mcu.externaltools.gnu-tools-for-stm32.12.3.rel1.win32_1.0.200.202406191623/tools/bin/../lib/gcc/arm-none-eabi/12.3.1/../../../../arm-none-eabi/lib/thumb/v7-m/nofp\libc_nano.a
END GROUP
START GROUP
LOAD C:/ST/STM32CubeIDE_1.16.1/STM32CubeIDE/plugins/com.st.stm32cube.ide.mcu.externaltools.gnu-tools-for-stm32.12.3.rel1.win32_1.0.200.202406191623/tools/bin/../lib/gcc/arm-none-eabi/12.3.1/thumb/v7-m/nofp\libgcc.a
LOAD C:/ST/STM32CubeIDE_1.16.1/STM32CubeIDE/plugins/com.st.stm32cube.ide.mcu.externaltools.gnu-tools-for-stm32.12.3.rel1.win32_1.0.200.202406191623/tools/bin/../lib/gcc/arm-none-eabi/12.3.1/../../../../arm-none-eabi/lib/thumb/v7-m/nofp\libc_nano.a
LOAD C:/ST/STM32CubeIDE_1.16.1/STM32CubeIDE/plugins/com.st.stm32cube.ide.mcu.externaltools.gnu-tools-for-stm32.12.3.rel1.win32_1.0.200.202406191623/tools/bin/../lib/gcc/arm-none-eabi/12.3.1/../../../../arm-none-eabi/lib/thumb/v7-m/nofp\libnosys.a
END GROUP
START GROUP
LOAD C:/ST/STM32CubeIDE_1.16.1/STM32CubeIDE/plugins/com.st.stm32cube.ide.mcu.externaltools.gnu-tools-for-stm32.12.3.rel1.win32_1.0.200.202406191623/tools/bin/../lib/gcc/arm-none-eabi/12.3.1/thumb/v7-m/nofp\libgcc.a
LOAD C:/ST/STM32CubeIDE_1.16.1/STM32CubeIDE/plugins/com.st.stm32cube.ide.mcu.externaltools.gnu-tools-for-stm32.12.3.rel1.win32_1.0.200.202406191623/tools/bin/../lib/gcc/arm-none-eabi/12.3.1/../../../../arm-none-eabi/lib/thumb/v7-m/nofp\libc_nano.a
LOAD C:/ST/STM32CubeIDE_1.16.1/STM32CubeIDE/plugins/com.st.stm32cube.ide.mcu.externaltools.gnu-tools-for-stm32.12.3.rel1.win32_1.0.200.202406191623/tools/bin/../lib/gcc/arm-none-eabi/12.3.1/../../../../arm-none-eabi/lib/thumb/v7-m/nofp\libnosys.a
END GROUP
LOAD C:/ST/STM32CubeIDE_1.16.1/STM32CubeIDE/plugins/com.st.stm32cube.ide.mcu.externaltools.gnu-tools-for-stm32.12.3.rel1.win32_1.0.200.202406191623/tools/bin/../lib/gcc/arm-none-eabi/12.3.1/thumb/v7-m/nofp/crtend.o
LOAD C:/ST/STM32CubeIDE_1.16.1/STM32CubeIDE/plugins/com.st.stm32cube.ide.mcu.externaltools.gnu-tools-for-stm32.12.3.rel1.win32_1.0.200.202406191623/tools/bin/../lib/gcc/arm-none-eabi/12.3.1/thumb/v7-m/nofp/crtn.o
                0x20005000                        _estack = (ORIGIN (RAM) + LENGTH (RAM))
                0x00000200                        _Min_Heap_Size = 0x200
                0x00000400                        _Min_Stack_Size = 0x400

.isr_vector     0x08000000      0x10c
                0x08000000                        . = ALIGN (0x4)
 *(.isr_vector)
 .isr_vector    0x08000000      0x10c ./Core/Startup/startup_stm32f103c8tx.o
                0x08000000                g_pfnVectors
                0x0800010c                        . = ALIGN (0x4)

.text           0x0800010c     0x2f1c
                0x0800010c                        . = ALIGN (0x4)
 *(.text)
 .text          0x0800010c       0x40 C:/ST/STM32CubeIDE_1.16.1/STM32CubeIDE/plugins/com.st.stm32cube.ide.mcu.externaltools.gnu-tools-for-stm32.12.3.rel1.win32_1.0.200.202406191623/tools/bin/../lib/gcc/arm-none-eabi/12.3.1/thumb/v7-m/nofp/crtbegin.o
 *(.text*)
 .text._Z8writePWMiiii
                0x0800014c       0x88 ./Core/Src/API.o
                0x0800014c                writePWM(int, int, int, int)
 .text._Z11moveForwardi
                0x080001d4       0x1c ./Core/Src/API.o
                0x080001d4                moveForward(int)
 .text._Z8turnLeftv
                0x080001f0       0x14 ./Core/Src/API.o
                0x080001f0                turnLeft()
 .text._Z9turnRightv
                0x08000204       0x14 ./Core/Src/API.o
                0x08000204                turnRight()
 .text._ZSt16__deque_buf_sizej
                0x08000218       0x28 ./Core/Src/floodfill_library.o
                0x08000218                std::__deque_buf_size(unsigned int)
 .text._ZN8mazeCellC2Ev
                0x08000240       0x2c ./Core/Src/floodfill_library.o
                0x08000240                mazeCell::mazeCell()
                0x08000240                mazeCell::mazeCell()
 .text._ZNSt5dequeISt5arrayIiLj3EESaIS1_EEC2Ev
                0x0800026c       0x1a ./Core/Src/floodfill_library.o
                0x0800026c                std::deque<std::array<int, 3u>, std::allocator<std::array<int, 3u> > >::deque()
                0x0800026c                std::deque<std::array<int, 3u>, std::allocator<std::array<int, 3u> > >::deque()
 .text._ZNSt5queueISt5arrayIiLj3EESt5dequeIS1_SaIS1_EEEC2IS4_vEEv
                0x08000286       0x28 ./Core/Src/floodfill_library.o
                0x08000286                std::queue<std::array<int, 3u>, std::deque<std::array<int, 3u>, std::allocator<std::array<int, 3u> > > >::queue<std::deque<std::array<int, 3u>, std::allocator<std::array<int, 3u> > >, void>()
                0x08000286                std::queue<std::array<int, 3u>, std::deque<std::array<int, 3u>, std::allocator<std::array<int, 3u> > > >::queue<std::deque<std::array<int, 3u>, std::allocator<std::array<int, 3u> > >, void>()
 .text._ZNSt11_Deque_baseISt5arrayIiLj3EESaIS1_EE11_Deque_implD2Ev
                0x080002ae       0x18 ./Core/Src/floodfill_library.o
                0x080002ae                std::_Deque_base<std::array<int, 3u>, std::allocator<std::array<int, 3u> > >::_Deque_impl::~_Deque_impl()
                0x080002ae                std::_Deque_base<std::array<int, 3u>, std::allocator<std::array<int, 3u> > >::_Deque_impl::~_Deque_impl()
 .text._ZNSt11_Deque_baseISt5arrayIiLj3EESaIS1_EEC2Ev
                0x080002c6       0x22 ./Core/Src/floodfill_library.o
                0x080002c6                std::_Deque_base<std::array<int, 3u>, std::allocator<std::array<int, 3u> > >::_Deque_base()
                0x080002c6                std::_Deque_base<std::array<int, 3u>, std::allocator<std::array<int, 3u> > >::_Deque_base()
 .text._ZNSt11_Deque_baseISt5arrayIiLj3EESaIS1_EED2Ev
                0x080002e8       0x44 ./Core/Src/floodfill_library.o
                0x080002e8                std::_Deque_base<std::array<int, 3u>, std::allocator<std::array<int, 3u> > >::~_Deque_base()
                0x080002e8                std::_Deque_base<std::array<int, 3u>, std::allocator<std::array<int, 3u> > >::~_Deque_base()
 .text._ZNSt5dequeISt5arrayIiLj3EESaIS1_EED2Ev
                0x0800032c       0x4a ./Core/Src/floodfill_library.o
                0x0800032c                std::deque<std::array<int, 3u>, std::allocator<std::array<int, 3u> > >::~deque()
                0x0800032c                std::deque<std::array<int, 3u>, std::allocator<std::array<int, 3u> > >::~deque()
 .text._ZNSt11_Deque_baseISt5arrayIiLj3EESaIS1_EE11_Deque_implC2Ev
                0x08000376       0x20 ./Core/Src/floodfill_library.o
                0x08000376                std::_Deque_base<std::array<int, 3u>, std::allocator<std::array<int, 3u> > >::_Deque_impl::_Deque_impl()
                0x08000376                std::_Deque_base<std::array<int, 3u>, std::allocator<std::array<int, 3u> > >::_Deque_impl::_Deque_impl()
 .text._ZNSaISt5arrayIiLj3EEED2Ev
                0x08000396       0x18 ./Core/Src/floodfill_library.o
                0x08000396                std::allocator<std::array<int, 3u> >::~allocator()
                0x08000396                std::allocator<std::array<int, 3u> >::~allocator()
 .text._ZNSt11_Deque_baseISt5arrayIiLj3EESaIS1_EE17_M_initialize_mapEj
                0x080003ae       0xcc ./Core/Src/floodfill_library.o
                0x080003ae                std::_Deque_base<std::array<int, 3u>, std::allocator<std::array<int, 3u> > >::_M_initialize_map(unsigned int)
 .text._ZNSt11_Deque_baseISt5arrayIiLj3EESaIS1_EE16_M_destroy_nodesEPPS1_S5_
                0x0800047a       0x36 ./Core/Src/floodfill_library.o
                0x0800047a                std::_Deque_base<std::array<int, 3u>, std::allocator<std::array<int, 3u> > >::_M_destroy_nodes(std::array<int, 3u>**, std::array<int, 3u>**)
 .text._ZNSt11_Deque_baseISt5arrayIiLj3EESaIS1_EE17_M_deallocate_mapEPPS1_j
                0x080004b0       0x36 ./Core/Src/floodfill_library.o
                0x080004b0                std::_Deque_base<std::array<int, 3u>, std::allocator<std::array<int, 3u> > >::_M_deallocate_map(std::array<int, 3u>**, unsigned int)
 .text._ZNSt5dequeISt5arrayIiLj3EESaIS1_EE5beginEv
                0x080004e6       0x1e ./Core/Src/floodfill_library.o
                0x080004e6                std::deque<std::array<int, 3u>, std::allocator<std::array<int, 3u> > >::begin()
 .text._ZNSt5dequeISt5arrayIiLj3EESaIS1_EE3endEv
                0x08000504       0x1e ./Core/Src/floodfill_library.o
                0x08000504                std::deque<std::array<int, 3u>, std::allocator<std::array<int, 3u> > >::end()
 .text._ZNSt11_Deque_baseISt5arrayIiLj3EESaIS1_EE19_M_get_Tp_allocatorEv
                0x08000522       0x14 ./Core/Src/floodfill_library.o
                0x08000522                std::_Deque_base<std::array<int, 3u>, std::allocator<std::array<int, 3u> > >::_M_get_Tp_allocator()
 .text._ZNSt15_Deque_iteratorISt5arrayIiLj3EERS1_PS1_EC2ERKS4_
                0x08000536       0x36 ./Core/Src/floodfill_library.o
                0x08000536                std::_Deque_iterator<std::array<int, 3u>, std::array<int, 3u>&, std::array<int, 3u>*>::_Deque_iterator(std::_Deque_iterator<std::array<int, 3u>, std::array<int, 3u>&, std::array<int, 3u>*> const&)
                0x08000536                std::_Deque_iterator<std::array<int, 3u>, std::array<int, 3u>&, std::array<int, 3u>*>::_Deque_iterator(std::_Deque_iterator<std::array<int, 3u>, std::array<int, 3u>&, std::array<int, 3u>*> const&)
 .text._ZNSt5dequeISt5arrayIiLj3EESaIS1_EE15_M_destroy_dataESt15_Deque_iteratorIS1_RS1_PS1_ES7_RKS2_
                0x0800056c       0x18 ./Core/Src/floodfill_library.o
                0x0800056c                std::deque<std::array<int, 3u>, std::allocator<std::array<int, 3u> > >::_M_destroy_data(std::_Deque_iterator<std::array<int, 3u>, std::array<int, 3u>&, std::array<int, 3u>*>, std::_Deque_iterator<std::array<int, 3u>, std::array<int, 3u>&, std::array<int, 3u>*>, std::allocator<std::array<int, 3u> > const&)
 .text._ZNSaISt5arrayIiLj3EEEC2Ev
                0x08000584       0x18 ./Core/Src/floodfill_library.o
                0x08000584                std::allocator<std::array<int, 3u> >::allocator()
                0x08000584                std::allocator<std::array<int, 3u> >::allocator()
 .text._ZNSt11_Deque_baseISt5arrayIiLj3EESaIS1_EE16_Deque_impl_dataC2Ev
                0x0800059c       0x32 ./Core/Src/floodfill_library.o
                0x0800059c                std::_Deque_base<std::array<int, 3u>, std::allocator<std::array<int, 3u> > >::_Deque_impl_data::_Deque_impl_data()
                0x0800059c                std::_Deque_base<std::array<int, 3u>, std::allocator<std::array<int, 3u> > >::_Deque_impl_data::_Deque_impl_data()
 .text._ZNSt15__new_allocatorISt5arrayIiLj3EEED2Ev
                0x080005ce       0x14 ./Core/Src/floodfill_library.o
                0x080005ce                std::__new_allocator<std::array<int, 3u> >::~__new_allocator()
                0x080005ce                std::__new_allocator<std::array<int, 3u> >::~__new_allocator()
 .text._ZSt3maxIjERKT_S2_S2_
                0x080005e2       0x26 ./Core/Src/floodfill_library.o
                0x080005e2                unsigned int const& std::max<unsigned int>(unsigned int const&, unsigned int const&)
 .text._ZNSt11_Deque_baseISt5arrayIiLj3EESaIS1_EE15_M_allocate_mapEj
                0x08000608       0x3a ./Core/Src/floodfill_library.o
                0x08000608                std::_Deque_base<std::array<int, 3u>, std::allocator<std::array<int, 3u> > >::_M_allocate_map(unsigned int)
 .text._ZNSt11_Deque_baseISt5arrayIiLj3EESaIS1_EE15_M_create_nodesEPPS1_S5_
                0x08000642       0x36 ./Core/Src/floodfill_library.o
                0x08000642                std::_Deque_base<std::array<int, 3u>, std::allocator<std::array<int, 3u> > >::_M_create_nodes(std::array<int, 3u>**, std::array<int, 3u>**)
 .text._ZNSt15_Deque_iteratorISt5arrayIiLj3EERS1_PS1_E11_M_set_nodeEPS3_
                0x08000678       0x38 ./Core/Src/floodfill_library.o
                0x08000678                std::_Deque_iterator<std::array<int, 3u>, std::array<int, 3u>&, std::array<int, 3u>*>::_M_set_node(std::array<int, 3u>**)
 .text._ZNSt11_Deque_baseISt5arrayIiLj3EESaIS1_EE18_M_deallocate_nodeEPS1_
                0x080006b0       0x26 ./Core/Src/floodfill_library.o
                0x080006b0                std::_Deque_base<std::array<int, 3u>, std::allocator<std::array<int, 3u> > >::_M_deallocate_node(std::array<int, 3u>*)
 .text._ZNKSt11_Deque_baseISt5arrayIiLj3EESaIS1_EE20_M_get_map_allocatorEv
                0x080006d6       0x22 ./Core/Src/floodfill_library.o
                0x080006d6                std::_Deque_base<std::array<int, 3u>, std::allocator<std::array<int, 3u> > >::_M_get_map_allocator() const
 .text._ZNSaIPSt5arrayIiLj3EEED2Ev
                0x080006f8       0x18 ./Core/Src/floodfill_library.o
                0x080006f8                std::allocator<std::array<int, 3u>*>::~allocator()
                0x080006f8                std::allocator<std::array<int, 3u>*>::~allocator()
 .text._ZNSt16allocator_traitsISaIPSt5arrayIiLj3EEEE10deallocateERS3_PS2_j
                0x08000710       0x1e ./Core/Src/floodfill_library.o
                0x08000710                std::allocator_traits<std::allocator<std::array<int, 3u>*> >::deallocate(std::allocator<std::array<int, 3u>*>&, std::array<int, 3u>**, unsigned int)
 .text._ZNSt15__new_allocatorISt5arrayIiLj3EEEC2Ev
                0x0800072e       0x14 ./Core/Src/floodfill_library.o
                0x0800072e                std::__new_allocator<std::array<int, 3u> >::__new_allocator()
                0x0800072e                std::__new_allocator<std::array<int, 3u> >::__new_allocator()
 .text._ZNSt15_Deque_iteratorISt5arrayIiLj3EERS1_PS1_EC2Ev
                0x08000742       0x2c ./Core/Src/floodfill_library.o
                0x08000742                std::_Deque_iterator<std::array<int, 3u>, std::array<int, 3u>&, std::array<int, 3u>*>::_Deque_iterator()
                0x08000742                std::_Deque_iterator<std::array<int, 3u>, std::array<int, 3u>&, std::array<int, 3u>*>::_Deque_iterator()
 .text._ZNSt16allocator_traitsISaIPSt5arrayIiLj3EEEE8allocateERS3_j
                0x0800076e       0x1e ./Core/Src/floodfill_library.o
                0x0800076e                std::allocator_traits<std::allocator<std::array<int, 3u>*> >::allocate(std::allocator<std::array<int, 3u>*>&, unsigned int)
 .text._ZNSt11_Deque_baseISt5arrayIiLj3EESaIS1_EE16_M_allocate_nodeEv
                0x0800078c       0x24 ./Core/Src/floodfill_library.o
                0x0800078c                std::_Deque_base<std::array<int, 3u>, std::allocator<std::array<int, 3u> > >::_M_allocate_node()
 .text._ZNSt15_Deque_iteratorISt5arrayIiLj3EERS1_PS1_E14_S_buffer_sizeEv
                0x080007b0       0x10 ./Core/Src/floodfill_library.o
                0x080007b0                std::_Deque_iterator<std::array<int, 3u>, std::array<int, 3u>&, std::array<int, 3u>*>::_S_buffer_size()
 .text._ZNSt16allocator_traitsISaISt5arrayIiLj3EEEE10deallocateERS2_PS1_j
                0x080007c0       0x1e ./Core/Src/floodfill_library.o
                0x080007c0                std::allocator_traits<std::allocator<std::array<int, 3u> > >::deallocate(std::allocator<std::array<int, 3u> >&, std::array<int, 3u>*, unsigned int)
 .text._ZNKSt11_Deque_baseISt5arrayIiLj3EESaIS1_EE19_M_get_Tp_allocatorEv
                0x080007de       0x14 ./Core/Src/floodfill_library.o
                0x080007de                std::_Deque_base<std::array<int, 3u>, std::allocator<std::array<int, 3u> > >::_M_get_Tp_allocator() const
 .text._ZNSaIPSt5arrayIiLj3EEEC2IS0_EERKSaIT_E
                0x080007f2       0x1a ./Core/Src/floodfill_library.o
                0x080007f2                std::allocator<std::array<int, 3u>*>::allocator<std::array<int, 3u> >(std::allocator<std::array<int, 3u> > const&)
                0x080007f2                std::allocator<std::array<int, 3u>*>::allocator<std::array<int, 3u> >(std::allocator<std::array<int, 3u> > const&)
 .text._ZNSt15__new_allocatorIPSt5arrayIiLj3EEED2Ev
                0x0800080c       0x14 ./Core/Src/floodfill_library.o
                0x0800080c                std::__new_allocator<std::array<int, 3u>*>::~__new_allocator()
                0x0800080c                std::__new_allocator<std::array<int, 3u>*>::~__new_allocator()
 .text._ZNSt15__new_allocatorIPSt5arrayIiLj3EEE10deallocateEPS2_j
                0x08000820       0x20 ./Core/Src/floodfill_library.o
                0x08000820                std::__new_allocator<std::array<int, 3u>*>::deallocate(std::array<int, 3u>**, unsigned int)
 .text._ZNSt15__new_allocatorIPSt5arrayIiLj3EEE8allocateEjPKv
                0x08000840       0x52 ./Core/Src/floodfill_library.o
                0x08000840                std::__new_allocator<std::array<int, 3u>*>::allocate(unsigned int, void const*)
 .text._ZNSt16allocator_traitsISaISt5arrayIiLj3EEEE8allocateERS2_j
                0x08000892       0x1e ./Core/Src/floodfill_library.o
                0x08000892                std::allocator_traits<std::allocator<std::array<int, 3u> > >::allocate(std::allocator<std::array<int, 3u> >&, unsigned int)
 .text._ZNSt15__new_allocatorISt5arrayIiLj3EEE10deallocateEPS1_j
                0x080008b0       0x26 ./Core/Src/floodfill_library.o
                0x080008b0                std::__new_allocator<std::array<int, 3u> >::deallocate(std::array<int, 3u>*, unsigned int)
 .text._ZNSt15__new_allocatorIPSt5arrayIiLj3EEEC2Ev
                0x080008d6       0x14 ./Core/Src/floodfill_library.o
                0x080008d6                std::__new_allocator<std::array<int, 3u>*>::__new_allocator()
                0x080008d6                std::__new_allocator<std::array<int, 3u>*>::__new_allocator()
 .text._ZNKSt15__new_allocatorIPSt5arrayIiLj3EEE11_M_max_sizeEv
                0x080008ea       0x16 ./Core/Src/floodfill_library.o
                0x080008ea                std::__new_allocator<std::array<int, 3u>*>::_M_max_size() const
 .text._ZNSt15__new_allocatorISt5arrayIiLj3EEE8allocateEjPKv
                0x08000900       0x5c ./Core/Src/floodfill_library.o
                0x08000900                std::__new_allocator<std::array<int, 3u> >::allocate(unsigned int, void const*)
 .text._ZNKSt15__new_allocatorISt5arrayIiLj3EEE11_M_max_sizeEv
                0x0800095c       0x18 ./Core/Src/floodfill_library.o
                0x0800095c                std::__new_allocator<std::array<int, 3u> >::_M_max_size() const
 .text._ZNSt5queueISt5arrayIiLj3EESt5dequeIS1_SaIS1_EEED2Ev
                0x08000974       0x1a ./Core/Src/floodfill_library.o
                0x08000974                std::queue<std::array<int, 3u>, std::deque<std::array<int, 3u>, std::allocator<std::array<int, 3u> > > >::~queue()
                0x08000974                std::queue<std::array<int, 3u>, std::deque<std::array<int, 3u>, std::allocator<std::array<int, 3u> > > >::~queue()
 *fill*         0x0800098e        0x2 
 .text._Z41__static_initialization_and_destruction_0ii
                0x08000990       0x70 ./Core/Src/floodfill_library.o
 .text._GLOBAL__sub_I_floodfillQueue
                0x08000a00       0x10 ./Core/Src/floodfill_library.o
 .text._GLOBAL__sub_D_floodfillQueue
                0x08000a10       0x10 ./Core/Src/floodfill_library.o
 .text.MX_GPIO_Init
                0x08000a20       0x54 ./Core/Src/gpio.o
                0x08000a20                MX_GPIO_Init
 .text.main     0x08000a74       0x68 ./Core/Src/main.o
                0x08000a74                main
 .text._Z18SystemClock_Configv
                0x08000adc       0x96 ./Core/Src/main.o
                0x08000adc                SystemClock_Config()
 .text.Error_Handler
                0x08000b72        0xc ./Core/Src/main.o
                0x08000b72                Error_Handler
 .text._ZNSt5dequeIcSaIcEEC2Ev
                0x08000b7e       0x1a ./Core/Src/navigation_algorithm.o
                0x08000b7e                std::deque<char, std::allocator<char> >::deque()
                0x08000b7e                std::deque<char, std::allocator<char> >::deque()
 .text._ZNSt5queueIcSt5dequeIcSaIcEEEC2IS2_vEEv
                0x08000b98       0x28 ./Core/Src/navigation_algorithm.o
                0x08000b98                std::queue<char, std::deque<char, std::allocator<char> > >::queue<std::deque<char, std::allocator<char> >, void>()
                0x08000b98                std::queue<char, std::deque<char, std::allocator<char> > >::queue<std::deque<char, std::allocator<char> >, void>()
 .text._ZNSt11_Deque_baseIcSaIcEE11_Deque_implD2Ev
                0x08000bc0       0x18 ./Core/Src/navigation_algorithm.o
                0x08000bc0                std::_Deque_base<char, std::allocator<char> >::_Deque_impl::~_Deque_impl()
                0x08000bc0                std::_Deque_base<char, std::allocator<char> >::_Deque_impl::~_Deque_impl()
 .text._ZNSt11_Deque_baseIcSaIcEEC2Ev
                0x08000bd8       0x22 ./Core/Src/navigation_algorithm.o
                0x08000bd8                std::_Deque_base<char, std::allocator<char> >::_Deque_base()
                0x08000bd8                std::_Deque_base<char, std::allocator<char> >::_Deque_base()
 .text._ZNSt11_Deque_baseIcSaIcEED2Ev
                0x08000bfa       0x44 ./Core/Src/navigation_algorithm.o
                0x08000bfa                std::_Deque_base<char, std::allocator<char> >::~_Deque_base()
                0x08000bfa                std::_Deque_base<char, std::allocator<char> >::~_Deque_base()
 .text._ZNSt5dequeIcSaIcEED2Ev
                0x08000c3e       0x4a ./Core/Src/navigation_algorithm.o
                0x08000c3e                std::deque<char, std::allocator<char> >::~deque()
                0x08000c3e                std::deque<char, std::allocator<char> >::~deque()
 .text._ZNSt11_Deque_baseIcSaIcEE11_Deque_implC2Ev
                0x08000c88       0x20 ./Core/Src/navigation_algorithm.o
                0x08000c88                std::_Deque_base<char, std::allocator<char> >::_Deque_impl::_Deque_impl()
                0x08000c88                std::_Deque_base<char, std::allocator<char> >::_Deque_impl::_Deque_impl()
 .text._ZNSt11_Deque_baseIcSaIcEE17_M_initialize_mapEj
                0x08000ca8       0xc4 ./Core/Src/navigation_algorithm.o
                0x08000ca8                std::_Deque_base<char, std::allocator<char> >::_M_initialize_map(unsigned int)
 .text._ZNSt11_Deque_baseIcSaIcEE16_M_destroy_nodesEPPcS3_
                0x08000d6c       0x36 ./Core/Src/navigation_algorithm.o
                0x08000d6c                std::_Deque_base<char, std::allocator<char> >::_M_destroy_nodes(char**, char**)
 .text._ZNSt11_Deque_baseIcSaIcEE17_M_deallocate_mapEPPcj
                0x08000da2       0x36 ./Core/Src/navigation_algorithm.o
                0x08000da2                std::_Deque_base<char, std::allocator<char> >::_M_deallocate_map(char**, unsigned int)
 .text._ZNSt5dequeIcSaIcEE5beginEv
                0x08000dd8       0x1e ./Core/Src/navigation_algorithm.o
                0x08000dd8                std::deque<char, std::allocator<char> >::begin()
 .text._ZNSt5dequeIcSaIcEE3endEv
                0x08000df6       0x1e ./Core/Src/navigation_algorithm.o
                0x08000df6                std::deque<char, std::allocator<char> >::end()
 .text._ZNSt11_Deque_baseIcSaIcEE19_M_get_Tp_allocatorEv
                0x08000e14       0x14 ./Core/Src/navigation_algorithm.o
                0x08000e14                std::_Deque_base<char, std::allocator<char> >::_M_get_Tp_allocator()
 .text._ZNSt15_Deque_iteratorIcRcPcEC2ERKS2_
                0x08000e28       0x36 ./Core/Src/navigation_algorithm.o
                0x08000e28                std::_Deque_iterator<char, char&, char*>::_Deque_iterator(std::_Deque_iterator<char, char&, char*> const&)
                0x08000e28                std::_Deque_iterator<char, char&, char*>::_Deque_iterator(std::_Deque_iterator<char, char&, char*> const&)
 .text._ZNSt5dequeIcSaIcEE15_M_destroy_dataESt15_Deque_iteratorIcRcPcES5_RKS0_
                0x08000e5e       0x18 ./Core/Src/navigation_algorithm.o
                0x08000e5e                std::deque<char, std::allocator<char> >::_M_destroy_data(std::_Deque_iterator<char, char&, char*>, std::_Deque_iterator<char, char&, char*>, std::allocator<char> const&)
 .text._ZNSt11_Deque_baseIcSaIcEE16_Deque_impl_dataC2Ev
                0x08000e76       0x32 ./Core/Src/navigation_algorithm.o
                0x08000e76                std::_Deque_base<char, std::allocator<char> >::_Deque_impl_data::_Deque_impl_data()
                0x08000e76                std::_Deque_base<char, std::allocator<char> >::_Deque_impl_data::_Deque_impl_data()
 .text._ZNSt11_Deque_baseIcSaIcEE15_M_allocate_mapEj
                0x08000ea8       0x3a ./Core/Src/navigation_algorithm.o
                0x08000ea8                std::_Deque_base<char, std::allocator<char> >::_M_allocate_map(unsigned int)
 .text._ZNSt11_Deque_baseIcSaIcEE15_M_create_nodesEPPcS3_
                0x08000ee2       0x36 ./Core/Src/navigation_algorithm.o
                0x08000ee2                std::_Deque_base<char, std::allocator<char> >::_M_create_nodes(char**, char**)
 .text._ZNSt15_Deque_iteratorIcRcPcE11_M_set_nodeEPS1_
                0x08000f18       0x30 ./Core/Src/navigation_algorithm.o
                0x08000f18                std::_Deque_iterator<char, char&, char*>::_M_set_node(char**)
 .text._ZNSt11_Deque_baseIcSaIcEE18_M_deallocate_nodeEPc
                0x08000f48       0x26 ./Core/Src/navigation_algorithm.o
                0x08000f48                std::_Deque_base<char, std::allocator<char> >::_M_deallocate_node(char*)
 .text._ZNKSt11_Deque_baseIcSaIcEE20_M_get_map_allocatorEv
                0x08000f6e       0x22 ./Core/Src/navigation_algorithm.o
                0x08000f6e                std::_Deque_base<char, std::allocator<char> >::_M_get_map_allocator() const
 .text._ZNSaIPcED2Ev
                0x08000f90       0x18 ./Core/Src/navigation_algorithm.o
                0x08000f90                std::allocator<char*>::~allocator()
                0x08000f90                std::allocator<char*>::~allocator()
 .text._ZNSt16allocator_traitsISaIPcEE10deallocateERS1_PS0_j
                0x08000fa8       0x1e ./Core/Src/navigation_algorithm.o
                0x08000fa8                std::allocator_traits<std::allocator<char*> >::deallocate(std::allocator<char*>&, char**, unsigned int)
 .text._ZNSt15_Deque_iteratorIcRcPcEC2Ev
                0x08000fc6       0x2c ./Core/Src/navigation_algorithm.o
                0x08000fc6                std::_Deque_iterator<char, char&, char*>::_Deque_iterator()
                0x08000fc6                std::_Deque_iterator<char, char&, char*>::_Deque_iterator()
 .text._ZNSt16allocator_traitsISaIPcEE8allocateERS1_j
                0x08000ff2       0x1e ./Core/Src/navigation_algorithm.o
                0x08000ff2                std::allocator_traits<std::allocator<char*> >::allocate(std::allocator<char*>&, unsigned int)
 .text._ZNSt11_Deque_baseIcSaIcEE16_M_allocate_nodeEv
                0x08001010       0x24 ./Core/Src/navigation_algorithm.o
                0x08001010                std::_Deque_base<char, std::allocator<char> >::_M_allocate_node()
 .text._ZNSt15_Deque_iteratorIcRcPcE14_S_buffer_sizeEv
                0x08001034       0x10 ./Core/Src/navigation_algorithm.o
                0x08001034                std::_Deque_iterator<char, char&, char*>::_S_buffer_size()
 .text._ZNSt16allocator_traitsISaIcEE10deallocateERS0_Pcj
                0x08001044       0x1e ./Core/Src/navigation_algorithm.o
                0x08001044                std::allocator_traits<std::allocator<char> >::deallocate(std::allocator<char>&, char*, unsigned int)
 .text._ZNKSt11_Deque_baseIcSaIcEE19_M_get_Tp_allocatorEv
                0x08001062       0x14 ./Core/Src/navigation_algorithm.o
                0x08001062                std::_Deque_base<char, std::allocator<char> >::_M_get_Tp_allocator() const
 .text._ZNSaIPcEC2IcEERKSaIT_E
                0x08001076       0x1a ./Core/Src/navigation_algorithm.o
                0x08001076                std::allocator<char*>::allocator<char>(std::allocator<char> const&)
                0x08001076                std::allocator<char*>::allocator<char>(std::allocator<char> const&)
 .text._ZNSt15__new_allocatorIPcED2Ev
                0x08001090       0x14 ./Core/Src/navigation_algorithm.o
                0x08001090                std::__new_allocator<char*>::~__new_allocator()
                0x08001090                std::__new_allocator<char*>::~__new_allocator()
 .text._ZNSt15__new_allocatorIPcE10deallocateEPS0_j
                0x080010a4       0x20 ./Core/Src/navigation_algorithm.o
                0x080010a4                std::__new_allocator<char*>::deallocate(char**, unsigned int)
 .text._ZNSt15__new_allocatorIPcE8allocateEjPKv
                0x080010c4       0x52 ./Core/Src/navigation_algorithm.o
                0x080010c4                std::__new_allocator<char*>::allocate(unsigned int, void const*)
 .text._ZNSt16allocator_traitsISaIcEE8allocateERS0_j
                0x08001116       0x1e ./Core/Src/navigation_algorithm.o
                0x08001116                std::allocator_traits<std::allocator<char> >::allocate(std::allocator<char>&, unsigned int)
 .text._ZNSt15__new_allocatorIcE10deallocateEPcj
                0x08001134       0x1c ./Core/Src/navigation_algorithm.o
                0x08001134                std::__new_allocator<char>::deallocate(char*, unsigned int)
 .text._ZNSt15__new_allocatorIPcEC2Ev
                0x08001150       0x14 ./Core/Src/navigation_algorithm.o
                0x08001150                std::__new_allocator<char*>::__new_allocator()
                0x08001150                std::__new_allocator<char*>::__new_allocator()
 .text._ZNKSt15__new_allocatorIPcE11_M_max_sizeEv
                0x08001164       0x16 ./Core/Src/navigation_algorithm.o
                0x08001164                std::__new_allocator<char*>::_M_max_size() const
 .text._ZNSt15__new_allocatorIcE8allocateEjPKv
                0x0800117a       0x42 ./Core/Src/navigation_algorithm.o
                0x0800117a                std::__new_allocator<char>::allocate(unsigned int, void const*)
 .text._ZNKSt15__new_allocatorIcE11_M_max_sizeEv
                0x080011bc       0x16 ./Core/Src/navigation_algorithm.o
                0x080011bc                std::__new_allocator<char>::_M_max_size() const
 .text._ZNSt5queueIcSt5dequeIcSaIcEEED2Ev
                0x080011d2       0x1a ./Core/Src/navigation_algorithm.o
                0x080011d2                std::queue<char, std::deque<char, std::allocator<char> > >::~queue()
                0x080011d2                std::queue<char, std::deque<char, std::allocator<char> > >::~queue()
 .text._Z41__static_initialization_and_destruction_0ii
                0x080011ec       0x44 ./Core/Src/navigation_algorithm.o
 .text._GLOBAL__sub_I_speedModeQueue
                0x08001230       0x10 ./Core/Src/navigation_algorithm.o
 .text._GLOBAL__sub_D_speedModeQueue
                0x08001240       0x10 ./Core/Src/navigation_algorithm.o
 .text.HAL_MspInit
                0x08001250       0x64 ./Core/Src/stm32f1xx_hal_msp.o
                0x08001250                HAL_MspInit
 .text.NMI_Handler
                0x080012b4        0x8 ./Core/Src/stm32f1xx_it.o
                0x080012b4                NMI_Handler
 .text.HardFault_Handler
                0x080012bc        0x8 ./Core/Src/stm32f1xx_it.o
                0x080012bc                HardFault_Handler
 .text.MemManage_Handler
                0x080012c4        0x8 ./Core/Src/stm32f1xx_it.o
                0x080012c4                MemManage_Handler
 .text.BusFault_Handler
                0x080012cc        0x8 ./Core/Src/stm32f1xx_it.o
                0x080012cc                BusFault_Handler
 .text.UsageFault_Handler
                0x080012d4        0x8 ./Core/Src/stm32f1xx_it.o
                0x080012d4                UsageFault_Handler
 .text.SVC_Handler
                0x080012dc        0xc ./Core/Src/stm32f1xx_it.o
                0x080012dc                SVC_Handler
 .text.DebugMon_Handler
                0x080012e8        0xc ./Core/Src/stm32f1xx_it.o
                0x080012e8                DebugMon_Handler
 .text.PendSV_Handler
                0x080012f4        0xc ./Core/Src/stm32f1xx_it.o
                0x080012f4                PendSV_Handler
 .text.SysTick_Handler
                0x08001300        0xc ./Core/Src/stm32f1xx_it.o
                0x08001300                SysTick_Handler
 .text._getpid  0x0800130c        0xe ./Core/Src/syscalls.o
                0x0800130c                _getpid
 .text._kill    0x0800131a       0x20 ./Core/Src/syscalls.o
                0x0800131a                _kill
 .text._exit    0x0800133a       0x16 ./Core/Src/syscalls.o
                0x0800133a                _exit
 .text._sbrk    0x08001350       0x6c ./Core/Src/sysmem.o
                0x08001350                _sbrk
 .text.SystemInit
                0x080013bc        0xc ./Core/Src/system_stm32f1xx.o
                0x080013bc                SystemInit
 .text.MX_TIM1_Init
                0x080013c8      0x150 ./Core/Src/tim.o
                0x080013c8                MX_TIM1_Init
 .text.HAL_TIM_PWM_MspInit
                0x08001518       0x3c ./Core/Src/tim.o
                0x08001518                HAL_TIM_PWM_MspInit
 .text.HAL_TIM_MspPostInit
                0x08001554       0x68 ./Core/Src/tim.o
                0x08001554                HAL_TIM_MspPostInit
 .text.Reset_Handler
                0x080015bc       0x48 ./Core/Startup/startup_stm32f103c8tx.o
                0x080015bc                Reset_Handler
 .text.Default_Handler
                0x08001604        0x2 ./Core/Startup/startup_stm32f103c8tx.o
                0x08001604                RTC_Alarm_IRQHandler
                0x08001604                EXTI2_IRQHandler
                0x08001604                TIM1_CC_IRQHandler
                0x08001604                PVD_IRQHandler
                0x08001604                EXTI3_IRQHandler
                0x08001604                EXTI0_IRQHandler
                0x08001604                I2C2_EV_IRQHandler
                0x08001604                ADC1_2_IRQHandler
                0x08001604                SPI1_IRQHandler
                0x08001604                TAMPER_IRQHandler
                0x08001604                DMA1_Channel4_IRQHandler
                0x08001604                USART3_IRQHandler
                0x08001604                RTC_IRQHandler
                0x08001604                DMA1_Channel7_IRQHandler
                0x08001604                CAN1_RX1_IRQHandler
                0x08001604                TIM4_IRQHandler
                0x08001604                I2C1_EV_IRQHandler
                0x08001604                DMA1_Channel6_IRQHandler
                0x08001604                TIM3_IRQHandler
                0x08001604                RCC_IRQHandler
                0x08001604                TIM1_TRG_COM_IRQHandler
                0x08001604                DMA1_Channel1_IRQHandler
                0x08001604                Default_Handler
                0x08001604                EXTI15_10_IRQHandler
                0x08001604                EXTI9_5_IRQHandler
                0x08001604                SPI2_IRQHandler
                0x08001604                DMA1_Channel5_IRQHandler
                0x08001604                EXTI4_IRQHandler
                0x08001604                USB_LP_CAN1_RX0_IRQHandler
                0x08001604                USB_HP_CAN1_TX_IRQHandler
                0x08001604                DMA1_Channel3_IRQHandler
                0x08001604                TIM1_UP_IRQHandler
                0x08001604                WWDG_IRQHandler
                0x08001604                TIM2_IRQHandler
                0x08001604                TIM1_BRK_IRQHandler
                0x08001604                EXTI1_IRQHandler
                0x08001604                USART2_IRQHandler
                0x08001604                I2C2_ER_IRQHandler
                0x08001604                DMA1_Channel2_IRQHandler
                0x08001604                CAN1_SCE_IRQHandler
                0x08001604                FLASH_IRQHandler
                0x08001604                USART1_IRQHandler
                0x08001604                I2C1_ER_IRQHandler
                0x08001604                USBWakeUp_IRQHandler
 *fill*         0x08001606        0x2 
 .text.HAL_Init
                0x08001608       0x2c ./Drivers/STM32F1xx_HAL_Driver/Src/stm32f1xx_hal.o
                0x08001608                HAL_Init
 .text.HAL_InitTick
                0x08001634       0x60 ./Drivers/STM32F1xx_HAL_Driver/Src/stm32f1xx_hal.o
                0x08001634                HAL_InitTick
 .text.HAL_IncTick
                0x08001694       0x24 ./Drivers/STM32F1xx_HAL_Driver/Src/stm32f1xx_hal.o
                0x08001694                HAL_IncTick
 .text.HAL_GetTick
                0x080016b8       0x14 ./Drivers/STM32F1xx_HAL_Driver/Src/stm32f1xx_hal.o
                0x080016b8                HAL_GetTick
 .text.HAL_Delay
                0x080016cc       0x48 ./Drivers/STM32F1xx_HAL_Driver/Src/stm32f1xx_hal.o
                0x080016cc                HAL_Delay
 .text.__NVIC_SetPriorityGrouping
                0x08001714       0x48 ./Drivers/STM32F1xx_HAL_Driver/Src/stm32f1xx_hal_cortex.o
 .text.__NVIC_GetPriorityGrouping
                0x0800175c       0x1c ./Drivers/STM32F1xx_HAL_Driver/Src/stm32f1xx_hal_cortex.o
 .text.__NVIC_SetPriority
                0x08001778       0x54 ./Drivers/STM32F1xx_HAL_Driver/Src/stm32f1xx_hal_cortex.o
 .text.NVIC_EncodePriority
                0x080017cc       0x64 ./Drivers/STM32F1xx_HAL_Driver/Src/stm32f1xx_hal_cortex.o
 .text.SysTick_Config
                0x08001830       0x44 ./Drivers/STM32F1xx_HAL_Driver/Src/stm32f1xx_hal_cortex.o
 .text.HAL_NVIC_SetPriorityGrouping
                0x08001874       0x16 ./Drivers/STM32F1xx_HAL_Driver/Src/stm32f1xx_hal_cortex.o
                0x08001874                HAL_NVIC_SetPriorityGrouping
 .text.HAL_NVIC_SetPriority
                0x0800188a       0x38 ./Drivers/STM32F1xx_HAL_Driver/Src/stm32f1xx_hal_cortex.o
                0x0800188a                HAL_NVIC_SetPriority
 .text.HAL_SYSTICK_Config
                0x080018c2       0x18 ./Drivers/STM32F1xx_HAL_Driver/Src/stm32f1xx_hal_cortex.o
                0x080018c2                HAL_SYSTICK_Config
 *fill*         0x080018da        0x2 
 .text.HAL_GPIO_Init
                0x080018dc      0x308 ./Drivers/STM32F1xx_HAL_Driver/Src/stm32f1xx_hal_gpio.o
                0x080018dc                HAL_GPIO_Init
 .text.HAL_RCC_OscConfig
                0x08001be4      0x504 ./Drivers/STM32F1xx_HAL_Driver/Src/stm32f1xx_hal_rcc.o
                0x08001be4                HAL_RCC_OscConfig
 .text.HAL_RCC_ClockConfig
                0x080020e8      0x1d4 ./Drivers/STM32F1xx_HAL_Driver/Src/stm32f1xx_hal_rcc.o
                0x080020e8                HAL_RCC_ClockConfig
 .text.HAL_RCC_GetSysClockFreq
                0x080022bc       0xa8 ./Drivers/STM32F1xx_HAL_Driver/Src/stm32f1xx_hal_rcc.o
                0x080022bc                HAL_RCC_GetSysClockFreq
 .text.RCC_Delay
                0x08002364       0x3c ./Drivers/STM32F1xx_HAL_Driver/Src/stm32f1xx_hal_rcc.o
 .text.HAL_TIM_PWM_Init
                0x080023a0       0x9e ./Drivers/STM32F1xx_HAL_Driver/Src/stm32f1xx_hal_tim.o
                0x080023a0                HAL_TIM_PWM_Init
 *fill*         0x0800243e        0x2 
 .text.HAL_TIM_PWM_Start
                0x08002440      0x144 ./Drivers/STM32F1xx_HAL_Driver/Src/stm32f1xx_hal_tim.o
                0x08002440                HAL_TIM_PWM_Start
 .text.HAL_TIM_PWM_ConfigChannel
                0x08002584      0x184 ./Drivers/STM32F1xx_HAL_Driver/Src/stm32f1xx_hal_tim.o
                0x08002584                HAL_TIM_PWM_ConfigChannel
 .text.TIM_Base_SetConfig
                0x08002708       0xdc ./Drivers/STM32F1xx_HAL_Driver/Src/stm32f1xx_hal_tim.o
                0x08002708                TIM_Base_SetConfig
 .text.TIM_OC1_SetConfig
                0x080027e4       0xcc ./Drivers/STM32F1xx_HAL_Driver/Src/stm32f1xx_hal_tim.o
 .text.TIM_OC2_SetConfig
                0x080028b0       0xd4 ./Drivers/STM32F1xx_HAL_Driver/Src/stm32f1xx_hal_tim.o
                0x080028b0                TIM_OC2_SetConfig
 .text.TIM_OC3_SetConfig
                0x08002984       0xd4 ./Drivers/STM32F1xx_HAL_Driver/Src/stm32f1xx_hal_tim.o
 .text.TIM_OC4_SetConfig
                0x08002a58       0x9c ./Drivers/STM32F1xx_HAL_Driver/Src/stm32f1xx_hal_tim.o
 .text.TIM_CCxChannelCmd
                0x08002af4       0x48 ./Drivers/STM32F1xx_HAL_Driver/Src/stm32f1xx_hal_tim.o
                0x08002af4                TIM_CCxChannelCmd
 .text.HAL_TIMEx_MasterConfigSynchronization
                0x08002b3c       0xbc ./Drivers/STM32F1xx_HAL_Driver/Src/stm32f1xx_hal_tim_ex.o
                0x08002b3c                HAL_TIMEx_MasterConfigSynchronization
 .text.HAL_TIMEx_ConfigBreakDeadTime
                0x08002bf8       0xa2 ./Drivers/STM32F1xx_HAL_Driver/Src/stm32f1xx_hal_tim_ex.o
                0x08002bf8                HAL_TIMEx_ConfigBreakDeadTime
 .text._ZdlPvj  0x08002c9a        0x4 C:/ST/STM32CubeIDE_1.16.1/STM32CubeIDE/plugins/com.st.stm32cube.ide.mcu.externaltools.gnu-tools-for-stm32.12.3.rel1.win32_1.0.200.202406191623/tools/bin/../lib/gcc/arm-none-eabi/12.3.1/../../../../arm-none-eabi/lib/thumb/v7-m/nofp\libstdc++_nano.a(del_ops.o)
                0x08002c9a                operator delete(void*, unsigned int)
 .text._Znwj    0x08002c9e       0x22 C:/ST/STM32CubeIDE_1.16.1/STM32CubeIDE/plugins/com.st.stm32cube.ide.mcu.externaltools.gnu-tools-for-stm32.12.3.rel1.win32_1.0.200.202406191623/tools/bin/../lib/gcc/arm-none-eabi/12.3.1/../../../../arm-none-eabi/lib/thumb/v7-m/nofp\libstdc++_nano.a(new_op.o)
                0x08002c9e                operator new(unsigned int)
 .text._ZNSaIcEC2Ev
                0x08002cc0        0x2 C:/ST/STM32CubeIDE_1.16.1/STM32CubeIDE/plugins/com.st.stm32cube.ide.mcu.externaltools.gnu-tools-for-stm32.12.3.rel1.win32_1.0.200.202406191623/tools/bin/../lib/gcc/arm-none-eabi/12.3.1/../../../../arm-none-eabi/lib/thumb/v7-m/nofp\libstdc++_nano.a(allocator-inst.o)
                0x08002cc0                std::allocator<char>::allocator()
                0x08002cc0                std::allocator<char>::allocator()
 .text._ZNSaIcED2Ev
                0x08002cc2        0x2 C:/ST/STM32CubeIDE_1.16.1/STM32CubeIDE/plugins/com.st.stm32cube.ide.mcu.externaltools.gnu-tools-for-stm32.12.3.rel1.win32_1.0.200.202406191623/tools/bin/../lib/gcc/arm-none-eabi/12.3.1/../../../../arm-none-eabi/lib/thumb/v7-m/nofp\libstdc++_nano.a(allocator-inst.o)
                0x08002cc2                std::allocator<char>::~allocator()
                0x08002cc2                std::allocator<char>::~allocator()
 .text.unlikely._ZSt17__throw_bad_allocv
                0x08002cc4        0x6 C:/ST/STM32CubeIDE_1.16.1/STM32CubeIDE/plugins/com.st.stm32cube.ide.mcu.externaltools.gnu-tools-for-stm32.12.3.rel1.win32_1.0.200.202406191623/tools/bin/../lib/gcc/arm-none-eabi/12.3.1/../../../../arm-none-eabi/lib/thumb/v7-m/nofp\libstdc++_nano.a(functexcept.o)
                0x08002cc4                std::__throw_bad_alloc()
 .text.unlikely._ZSt28__throw_bad_array_new_lengthv
                0x08002cca        0x6 C:/ST/STM32CubeIDE_1.16.1/STM32CubeIDE/plugins/com.st.stm32cube.ide.mcu.externaltools.gnu-tools-for-stm32.12.3.rel1.win32_1.0.200.202406191623/tools/bin/../lib/gcc/arm-none-eabi/12.3.1/../../../../arm-none-eabi/lib/thumb/v7-m/nofp\libstdc++_nano.a(functexcept.o)
                0x08002cca                std::__throw_bad_array_new_length()
 .text._ZdlPv   0x08002cd0        0x4 C:/ST/STM32CubeIDE_1.16.1/STM32CubeIDE/plugins/com.st.stm32cube.ide.mcu.externaltools.gnu-tools-for-stm32.12.3.rel1.win32_1.0.200.202406191623/tools/bin/../lib/gcc/arm-none-eabi/12.3.1/../../../../arm-none-eabi/lib/thumb/v7-m/nofp\libstdc++_nano.a(del_op.o)
                0x08002cd0                operator delete(void*)
 .text._ZSt15get_new_handlerv
                0x08002cd4       0x10 C:/ST/STM32CubeIDE_1.16.1/STM32CubeIDE/plugins/com.st.stm32cube.ide.mcu.externaltools.gnu-tools-for-stm32.12.3.rel1.win32_1.0.200.202406191623/tools/bin/../lib/gcc/arm-none-eabi/12.3.1/../../../../arm-none-eabi/lib/thumb/v7-m/nofp\libstdc++_nano.a(new_handler.o)
                0x08002cd4                std::get_new_handler()
 .text.abort    0x08002ce4        0xe C:/ST/STM32CubeIDE_1.16.1/STM32CubeIDE/plugins/com.st.stm32cube.ide.mcu.externaltools.gnu-tools-for-stm32.12.3.rel1.win32_1.0.200.202406191623/tools/bin/../lib/gcc/arm-none-eabi/12.3.1/../../../../arm-none-eabi/lib/thumb/v7-m/nofp\libc_nano.a(libc_a-abort.o)
                0x08002ce4                abort
 *fill*         0x08002cf2        0x2 
 .text.malloc   0x08002cf4       0x10 C:/ST/STM32CubeIDE_1.16.1/STM32CubeIDE/plugins/com.st.stm32cube.ide.mcu.externaltools.gnu-tools-for-stm32.12.3.rel1.win32_1.0.200.202406191623/tools/bin/../lib/gcc/arm-none-eabi/12.3.1/../../../../arm-none-eabi/lib/thumb/v7-m/nofp\libc_nano.a(libc_a-malloc.o)
                0x08002cf4                malloc
 .text.free     0x08002d04       0x10 C:/ST/STM32CubeIDE_1.16.1/STM32CubeIDE/plugins/com.st.stm32cube.ide.mcu.externaltools.gnu-tools-for-stm32.12.3.rel1.win32_1.0.200.202406191623/tools/bin/../lib/gcc/arm-none-eabi/12.3.1/../../../../arm-none-eabi/lib/thumb/v7-m/nofp\libc_nano.a(libc_a-malloc.o)
                0x08002d04                free
 .text.sbrk_aligned
                0x08002d14       0x44 C:/ST/STM32CubeIDE_1.16.1/STM32CubeIDE/plugins/com.st.stm32cube.ide.mcu.externaltools.gnu-tools-for-stm32.12.3.rel1.win32_1.0.200.202406191623/tools/bin/../lib/gcc/arm-none-eabi/12.3.1/../../../../arm-none-eabi/lib/thumb/v7-m/nofp\libc_nano.a(libc_a-mallocr.o)
 .text._malloc_r
                0x08002d58      0x100 C:/ST/STM32CubeIDE_1.16.1/STM32CubeIDE/plugins/com.st.stm32cube.ide.mcu.externaltools.gnu-tools-for-stm32.12.3.rel1.win32_1.0.200.202406191623/tools/bin/../lib/gcc/arm-none-eabi/12.3.1/../../../../arm-none-eabi/lib/thumb/v7-m/nofp\libc_nano.a(libc_a-mallocr.o)
                0x08002d58                _malloc_r
 .text.__malloc_lock
                0x08002e58        0xc C:/ST/STM32CubeIDE_1.16.1/STM32CubeIDE/plugins/com.st.stm32cube.ide.mcu.externaltools.gnu-tools-for-stm32.12.3.rel1.win32_1.0.200.202406191623/tools/bin/../lib/gcc/arm-none-eabi/12.3.1/../../../../arm-none-eabi/lib/thumb/v7-m/nofp\libc_nano.a(libc_a-mlock.o)
                0x08002e58                __malloc_lock
 .text.__malloc_unlock
                0x08002e64        0xc C:/ST/STM32CubeIDE_1.16.1/STM32CubeIDE/plugins/com.st.stm32cube.ide.mcu.externaltools.gnu-tools-for-stm32.12.3.rel1.win32_1.0.200.202406191623/tools/bin/../lib/gcc/arm-none-eabi/12.3.1/../../../../arm-none-eabi/lib/thumb/v7-m/nofp\libc_nano.a(libc_a-mlock.o)
                0x08002e64                __malloc_unlock
 .text.memset   0x08002e70       0x10 C:/ST/STM32CubeIDE_1.16.1/STM32CubeIDE/plugins/com.st.stm32cube.ide.mcu.externaltools.gnu-tools-for-stm32.12.3.rel1.win32_1.0.200.202406191623/tools/bin/../lib/gcc/arm-none-eabi/12.3.1/../../../../arm-none-eabi/lib/thumb/v7-m/nofp\libc_nano.a(libc_a-memset.o)
                0x08002e70                memset
 .text._raise_r
                0x08002e80       0x50 C:/ST/STM32CubeIDE_1.16.1/STM32CubeIDE/plugins/com.st.stm32cube.ide.mcu.externaltools.gnu-tools-for-stm32.12.3.rel1.win32_1.0.200.202406191623/tools/bin/../lib/gcc/arm-none-eabi/12.3.1/../../../../arm-none-eabi/lib/thumb/v7-m/nofp\libc_nano.a(libc_a-signal.o)
                0x08002e80                _raise_r
 .text.raise    0x08002ed0       0x10 C:/ST/STM32CubeIDE_1.16.1/STM32CubeIDE/plugins/com.st.stm32cube.ide.mcu.externaltools.gnu-tools-for-stm32.12.3.rel1.win32_1.0.200.202406191623/tools/bin/../lib/gcc/arm-none-eabi/12.3.1/../../../../arm-none-eabi/lib/thumb/v7-m/nofp\libc_nano.a(libc_a-signal.o)
                0x08002ed0                raise
 .text._kill_r  0x08002ee0       0x24 C:/ST/STM32CubeIDE_1.16.1/STM32CubeIDE/plugins/com.st.stm32cube.ide.mcu.externaltools.gnu-tools-for-stm32.12.3.rel1.win32_1.0.200.202406191623/tools/bin/../lib/gcc/arm-none-eabi/12.3.1/../../../../arm-none-eabi/lib/thumb/v7-m/nofp\libc_nano.a(libc_a-signalr.o)
                0x08002ee0                _kill_r
 .text._getpid_r
                0x08002f04        0x4 C:/ST/STM32CubeIDE_1.16.1/STM32CubeIDE/plugins/com.st.stm32cube.ide.mcu.externaltools.gnu-tools-for-stm32.12.3.rel1.win32_1.0.200.202406191623/tools/bin/../lib/gcc/arm-none-eabi/12.3.1/../../../../arm-none-eabi/lib/thumb/v7-m/nofp\libc_nano.a(libc_a-signalr.o)
                0x08002f04                _getpid_r
 .text._sbrk_r  0x08002f08       0x20 C:/ST/STM32CubeIDE_1.16.1/STM32CubeIDE/plugins/com.st.stm32cube.ide.mcu.externaltools.gnu-tools-for-stm32.12.3.rel1.win32_1.0.200.202406191623/tools/bin/../lib/gcc/arm-none-eabi/12.3.1/../../../../arm-none-eabi/lib/thumb/v7-m/nofp\libc_nano.a(libc_a-sbrkr.o)
                0x08002f08                _sbrk_r
 .text.__errno  0x08002f28        0xc C:/ST/STM32CubeIDE_1.16.1/STM32CubeIDE/plugins/com.st.stm32cube.ide.mcu.externaltools.gnu-tools-for-stm32.12.3.rel1.win32_1.0.200.202406191623/tools/bin/../lib/gcc/arm-none-eabi/12.3.1/../../../../arm-none-eabi/lib/thumb/v7-m/nofp\libc_nano.a(libc_a-errno.o)
                0x08002f28                __errno
 .text.__libc_init_array
                0x08002f34       0x48 C:/ST/STM32CubeIDE_1.16.1/STM32CubeIDE/plugins/com.st.stm32cube.ide.mcu.externaltools.gnu-tools-for-stm32.12.3.rel1.win32_1.0.200.202406191623/tools/bin/../lib/gcc/arm-none-eabi/12.3.1/../../../../arm-none-eabi/lib/thumb/v7-m/nofp\libc_nano.a(libc_a-init.o)
                0x08002f34                __libc_init_array
 .text.__retarget_lock_acquire_recursive
                0x08002f7c        0x2 C:/ST/STM32CubeIDE_1.16.1/STM32CubeIDE/plugins/com.st.stm32cube.ide.mcu.externaltools.gnu-tools-for-stm32.12.3.rel1.win32_1.0.200.202406191623/tools/bin/../lib/gcc/arm-none-eabi/12.3.1/../../../../arm-none-eabi/lib/thumb/v7-m/nofp\libc_nano.a(libc_a-lock.o)
                0x08002f7c                __retarget_lock_acquire_recursive
 .text.__retarget_lock_release_recursive
                0x08002f7e        0x2 C:/ST/STM32CubeIDE_1.16.1/STM32CubeIDE/plugins/com.st.stm32cube.ide.mcu.externaltools.gnu-tools-for-stm32.12.3.rel1.win32_1.0.200.202406191623/tools/bin/../lib/gcc/arm-none-eabi/12.3.1/../../../../arm-none-eabi/lib/thumb/v7-m/nofp\libc_nano.a(libc_a-lock.o)
                0x08002f7e                __retarget_lock_release_recursive
 .text._free_r  0x08002f80       0x90 C:/ST/STM32CubeIDE_1.16.1/STM32CubeIDE/plugins/com.st.stm32cube.ide.mcu.externaltools.gnu-tools-for-stm32.12.3.rel1.win32_1.0.200.202406191623/tools/bin/../lib/gcc/arm-none-eabi/12.3.1/../../../../arm-none-eabi/lib/thumb/v7-m/nofp\libc_nano.a(libc_a-freer.o)
                0x08002f80                _free_r
 *(.glue_7)
 .glue_7        0x08003010        0x0 linker stubs
 *(.glue_7t)
 .glue_7t       0x08003010        0x0 linker stubs
 *(.eh_frame)
 .eh_frame      0x08003010        0x0 C:/ST/STM32CubeIDE_1.16.1/STM32CubeIDE/plugins/com.st.stm32cube.ide.mcu.externaltools.gnu-tools-for-stm32.12.3.rel1.win32_1.0.200.202406191623/tools/bin/../lib/gcc/arm-none-eabi/12.3.1/thumb/v7-m/nofp/crtbegin.o
 *(.init)
 .init          0x08003010        0x4 C:/ST/STM32CubeIDE_1.16.1/STM32CubeIDE/plugins/com.st.stm32cube.ide.mcu.externaltools.gnu-tools-for-stm32.12.3.rel1.win32_1.0.200.202406191623/tools/bin/../lib/gcc/arm-none-eabi/12.3.1/thumb/v7-m/nofp/crti.o
                0x08003010                _init
 .init          0x08003014        0x8 C:/ST/STM32CubeIDE_1.16.1/STM32CubeIDE/plugins/com.st.stm32cube.ide.mcu.externaltools.gnu-tools-for-stm32.12.3.rel1.win32_1.0.200.202406191623/tools/bin/../lib/gcc/arm-none-eabi/12.3.1/thumb/v7-m/nofp/crtn.o
 *(.fini)
 .fini          0x0800301c        0x4 C:/ST/STM32CubeIDE_1.16.1/STM32CubeIDE/plugins/com.st.stm32cube.ide.mcu.externaltools.gnu-tools-for-stm32.12.3.rel1.win32_1.0.200.202406191623/tools/bin/../lib/gcc/arm-none-eabi/12.3.1/thumb/v7-m/nofp/crti.o
                0x0800301c                _fini
 .fini          0x08003020        0x8 C:/ST/STM32CubeIDE_1.16.1/STM32CubeIDE/plugins/com.st.stm32cube.ide.mcu.externaltools.gnu-tools-for-stm32.12.3.rel1.win32_1.0.200.202406191623/tools/bin/../lib/gcc/arm-none-eabi/12.3.1/thumb/v7-m/nofp/crtn.o
                0x08003028                        . = ALIGN (0x4)
                0x08003028                        _etext = .

.vfp11_veneer   0x08003028        0x0
 .vfp11_veneer  0x08003028        0x0 linker stubs

.v4_bx          0x08003028        0x0
 .v4_bx         0x08003028        0x0 linker stubs

.iplt           0x08003028        0x0
 .iplt          0x08003028        0x0 C:/ST/STM32CubeIDE_1.16.1/STM32CubeIDE/plugins/com.st.stm32cube.ide.mcu.externaltools.gnu-tools-for-stm32.12.3.rel1.win32_1.0.200.202406191623/tools/bin/../lib/gcc/arm-none-eabi/12.3.1/thumb/v7-m/nofp/crtbegin.o

.rodata         0x08003028       0x24
                0x08003028                        . = ALIGN (0x4)
 *(.rodata)
 *(.rodata*)
 .rodata.AHBPrescTable
                0x08003028       0x10 ./Core/Src/system_stm32f1xx.o
                0x08003028                AHBPrescTable
 .rodata.aPLLMULFactorTable.1
                0x08003038       0x10 ./Drivers/STM32F1xx_HAL_Driver/Src/stm32f1xx_hal_rcc.o
 .rodata.aPredivFactorTable.0
                0x08003048        0x2 ./Drivers/STM32F1xx_HAL_Driver/Src/stm32f1xx_hal_rcc.o
                0x0800304c                        . = ALIGN (0x4)
 *fill*         0x0800304a        0x2 

.ARM.extab      0x0800304c        0x0
                0x0800304c                        . = ALIGN (0x4)
 *(.ARM.extab* .gnu.linkonce.armextab.*)
                0x0800304c                        . = ALIGN (0x4)

.ARM            0x0800304c        0x0
                0x0800304c                        . = ALIGN (0x4)
                0x0800304c                        __exidx_start = .
 *(.ARM.exidx*)
                0x0800304c                        __exidx_end = .
                0x0800304c                        . = ALIGN (0x4)

.preinit_array  0x0800304c        0x0
                0x0800304c                        . = ALIGN (0x4)
                0x0800304c                        PROVIDE (__preinit_array_start = .)
 *(.preinit_array*)
                0x0800304c                        PROVIDE (__preinit_array_end = .)
                0x0800304c                        . = ALIGN (0x4)

.init_array     0x0800304c        0xc
                0x0800304c                        . = ALIGN (0x4)
                0x0800304c                        PROVIDE (__init_array_start = .)
 *(SORT_BY_NAME(.init_array.*))
 *(.init_array*)
 .init_array    0x0800304c        0x4 C:/ST/STM32CubeIDE_1.16.1/STM32CubeIDE/plugins/com.st.stm32cube.ide.mcu.externaltools.gnu-tools-for-stm32.12.3.rel1.win32_1.0.200.202406191623/tools/bin/../lib/gcc/arm-none-eabi/12.3.1/thumb/v7-m/nofp/crtbegin.o
 .init_array    0x08003050        0x4 ./Core/Src/floodfill_library.o
 .init_array    0x08003054        0x4 ./Core/Src/navigation_algorithm.o
                0x08003058                        PROVIDE (__init_array_end = .)
                0x08003058                        . = ALIGN (0x4)

.fini_array     0x08003058        0xc
                0x08003058                        . = ALIGN (0x4)
                [!provide]                        PROVIDE (__fini_array_start = .)
 *(SORT_BY_NAME(.fini_array.*))
 *(.fini_array*)
 .fini_array    0x08003058        0x4 C:/ST/STM32CubeIDE_1.16.1/STM32CubeIDE/plugins/com.st.stm32cube.ide.mcu.externaltools.gnu-tools-for-stm32.12.3.rel1.win32_1.0.200.202406191623/tools/bin/../lib/gcc/arm-none-eabi/12.3.1/thumb/v7-m/nofp/crtbegin.o
 .fini_array    0x0800305c        0x4 ./Core/Src/floodfill_library.o
 .fini_array    0x08003060        0x4 ./Core/Src/navigation_algorithm.o
                [!provide]                        PROVIDE (__fini_array_end = .)
                0x08003064                        . = ALIGN (0x4)
                0x08003064                        _sidata = LOADADDR (.data)

.rel.dyn        0x08003064        0x0
 .rel.iplt      0x08003064        0x0 C:/ST/STM32CubeIDE_1.16.1/STM32CubeIDE/plugins/com.st.stm32cube.ide.mcu.externaltools.gnu-tools-for-stm32.12.3.rel1.win32_1.0.200.202406191623/tools/bin/../lib/gcc/arm-none-eabi/12.3.1/thumb/v7-m/nofp/crtbegin.o

.data           0x20000000       0x5c load address 0x08003064
                0x20000000                        . = ALIGN (0x4)
                0x20000000                        _sdata = .
 *(.data)
 *(.data*)
 .data.SystemCoreClock
                0x20000000        0x4 ./Core/Src/system_stm32f1xx.o
                0x20000000                SystemCoreClock
 .data.uwTickPrio
                0x20000004        0x4 ./Drivers/STM32F1xx_HAL_Driver/Src/stm32f1xx_hal.o
                0x20000004                uwTickPrio
 .data.uwTickFreq
                0x20000008        0x1 ./Drivers/STM32F1xx_HAL_Driver/Src/stm32f1xx_hal.o
                0x20000008                uwTickFreq
 *fill*         0x20000009        0x3 
 .data._impure_ptr
                0x2000000c        0x4 C:/ST/STM32CubeIDE_1.16.1/STM32CubeIDE/plugins/com.st.stm32cube.ide.mcu.externaltools.gnu-tools-for-stm32.12.3.rel1.win32_1.0.200.202406191623/tools/bin/../lib/gcc/arm-none-eabi/12.3.1/../../../../arm-none-eabi/lib/thumb/v7-m/nofp\libc_nano.a(libc_a-impure.o)
                0x2000000c                _impure_ptr
 .data._impure_data
                0x20000010       0x4c C:/ST/STM32CubeIDE_1.16.1/STM32CubeIDE/plugins/com.st.stm32cube.ide.mcu.externaltools.gnu-tools-for-stm32.12.3.rel1.win32_1.0.200.202406191623/tools/bin/../lib/gcc/arm-none-eabi/12.3.1/../../../../arm-none-eabi/lib/thumb/v7-m/nofp\libc_nano.a(libc_a-impure.o)
                0x20000010                _impure_data
 *(.RamFunc)
 *(.RamFunc*)
                0x2000005c                        . = ALIGN (0x4)
                0x2000005c                        _edata = .

.igot.plt       0x2000005c        0x0 load address 0x080030c0
 .igot.plt      0x2000005c        0x0 C:/ST/STM32CubeIDE_1.16.1/STM32CubeIDE/plugins/com.st.stm32cube.ide.mcu.externaltools.gnu-tools-for-stm32.12.3.rel1.win32_1.0.200.202406191623/tools/bin/../lib/gcc/arm-none-eabi/12.3.1/thumb/v7-m/nofp/crtbegin.o
                0x2000005c                        . = ALIGN (0x4)

.bss            0x2000005c     0x1208 load address 0x080030c0
                0x2000005c                        _sbss = .
                0x2000005c                        __bss_start__ = _sbss
 *(.bss)
 .bss           0x2000005c       0x1c C:/ST/STM32CubeIDE_1.16.1/STM32CubeIDE/plugins/com.st.stm32cube.ide.mcu.externaltools.gnu-tools-for-stm32.12.3.rel1.win32_1.0.200.202406191623/tools/bin/../lib/gcc/arm-none-eabi/12.3.1/thumb/v7-m/nofp/crtbegin.o
 *(.bss*)
 .bss.floodfillQueue
                0x20000078       0x28 ./Core/Src/floodfill_library.o
                0x20000078                floodfillQueue
 .bss.maze      0x200000a0     0x1000 ./Core/Src/floodfill_library.o
                0x200000a0                maze
 .bss.speedModeQueue
                0x200010a0       0x28 ./Core/Src/navigation_algorithm.o
                0x200010a0                speedModeQueue
 .bss.__sbrk_heap_end
                0x200010c8        0x4 ./Core/Src/sysmem.o
 .bss.htim1     0x200010cc       0x48 ./Core/Src/tim.o
                0x200010cc                htim1
 .bss.uwTick    0x20001114        0x4 ./Drivers/STM32F1xx_HAL_Driver/Src/stm32f1xx_hal.o
                0x20001114                uwTick
 .bss._ZN12_GLOBAL__N_113__new_handlerE
                0x20001118        0x4 C:/ST/STM32CubeIDE_1.16.1/STM32CubeIDE/plugins/com.st.stm32cube.ide.mcu.externaltools.gnu-tools-for-stm32.12.3.rel1.win32_1.0.200.202406191623/tools/bin/../lib/gcc/arm-none-eabi/12.3.1/../../../../arm-none-eabi/lib/thumb/v7-m/nofp\libstdc++_nano.a(new_handler.o)
 .bss.__malloc_sbrk_start
                0x2000111c        0x4 C:/ST/STM32CubeIDE_1.16.1/STM32CubeIDE/plugins/com.st.stm32cube.ide.mcu.externaltools.gnu-tools-for-stm32.12.3.rel1.win32_1.0.200.202406191623/tools/bin/../lib/gcc/arm-none-eabi/12.3.1/../../../../arm-none-eabi/lib/thumb/v7-m/nofp\libc_nano.a(libc_a-mallocr.o)
                0x2000111c                __malloc_sbrk_start
 .bss.__malloc_free_list
                0x20001120        0x4 C:/ST/STM32CubeIDE_1.16.1/STM32CubeIDE/plugins/com.st.stm32cube.ide.mcu.externaltools.gnu-tools-for-stm32.12.3.rel1.win32_1.0.200.202406191623/tools/bin/../lib/gcc/arm-none-eabi/12.3.1/../../../../arm-none-eabi/lib/thumb/v7-m/nofp\libc_nano.a(libc_a-mallocr.o)
                0x20001120                __malloc_free_list
 .bss.__sf      0x20001124      0x138 C:/ST/STM32CubeIDE_1.16.1/STM32CubeIDE/plugins/com.st.stm32cube.ide.mcu.externaltools.gnu-tools-for-stm32.12.3.rel1.win32_1.0.200.202406191623/tools/bin/../lib/gcc/arm-none-eabi/12.3.1/../../../../arm-none-eabi/lib/thumb/v7-m/nofp\libc_nano.a(libc_a-findfp.o)
                0x20001124                __sf
 .bss.errno     0x2000125c        0x4 C:/ST/STM32CubeIDE_1.16.1/STM32CubeIDE/plugins/com.st.stm32cube.ide.mcu.externaltools.gnu-tools-for-stm32.12.3.rel1.win32_1.0.200.202406191623/tools/bin/../lib/gcc/arm-none-eabi/12.3.1/../../../../arm-none-eabi/lib/thumb/v7-m/nofp\libc_nano.a(libc_a-reent.o)
                0x2000125c                errno
 .bss.__lock___malloc_recursive_mutex
                0x20001260        0x1 C:/ST/STM32CubeIDE_1.16.1/STM32CubeIDE/plugins/com.st.stm32cube.ide.mcu.externaltools.gnu-tools-for-stm32.12.3.rel1.win32_1.0.200.202406191623/tools/bin/../lib/gcc/arm-none-eabi/12.3.1/../../../../arm-none-eabi/lib/thumb/v7-m/nofp\libc_nano.a(libc_a-lock.o)
                0x20001260                __lock___malloc_recursive_mutex
 *(COMMON)
                0x20001264                        . = ALIGN (0x4)
 *fill*         0x20001261        0x3 
                0x20001264                        _ebss = .
                0x20001264                        __bss_end__ = _ebss

._user_heap_stack
                0x20001264      0x604 load address 0x080030c0
                0x20001268                        . = ALIGN (0x8)
 *fill*         0x20001264        0x4 
                [!provide]                        PROVIDE (end = .)
                0x20001268                        PROVIDE (_end = .)
                0x20001468                        . = (. + _Min_Heap_Size)
 *fill*         0x20001268      0x200 
                0x20001868                        . = (. + _Min_Stack_Size)
 *fill*         0x20001468      0x400 
                0x20001868                        . = ALIGN (0x8)

/DISCARD/
 libc.a(*)
 libm.a(*)
 libgcc.a(*)

.ARM.attributes
                0x00000000       0x29
 *(.ARM.attributes)
 .ARM.attributes
                0x00000000       0x1d C:/ST/STM32CubeIDE_1.16.1/STM32CubeIDE/plugins/com.st.stm32cube.ide.mcu.externaltools.gnu-tools-for-stm32.12.3.rel1.win32_1.0.200.202406191623/tools/bin/../lib/gcc/arm-none-eabi/12.3.1/thumb/v7-m/nofp/crti.o
 .ARM.attributes
                0x0000001d       0x2d C:/ST/STM32CubeIDE_1.16.1/STM32CubeIDE/plugins/com.st.stm32cube.ide.mcu.externaltools.gnu-tools-for-stm32.12.3.rel1.win32_1.0.200.202406191623/tools/bin/../lib/gcc/arm-none-eabi/12.3.1/thumb/v7-m/nofp/crtbegin.o
 .ARM.attributes
                0x0000004a       0x2d ./Core/Src/API.o
 .ARM.attributes
                0x00000077       0x2d ./Core/Src/floodfill_library.o
 .ARM.attributes
                0x000000a4       0x2d ./Core/Src/gpio.o
 .ARM.attributes
                0x000000d1       0x2d ./Core/Src/main.o
 .ARM.attributes
                0x000000fe       0x2d ./Core/Src/navigation_algorithm.o
 .ARM.attributes
                0x0000012b       0x2d ./Core/Src/stm32f1xx_hal_msp.o
 .ARM.attributes
                0x00000158       0x2d ./Core/Src/stm32f1xx_it.o
 .ARM.attributes
                0x00000185       0x2d ./Core/Src/syscalls.o
 .ARM.attributes
                0x000001b2       0x2d ./Core/Src/sysmem.o
 .ARM.attributes
                0x000001df       0x2d ./Core/Src/system_stm32f1xx.o
 .ARM.attributes
                0x0000020c       0x2d ./Core/Src/tim.o
 .ARM.attributes
                0x00000239       0x21 ./Core/Startup/startup_stm32f103c8tx.o
 .ARM.attributes
                0x0000025a       0x2d ./Drivers/STM32F1xx_HAL_Driver/Src/stm32f1xx_hal.o
 .ARM.attributes
                0x00000287       0x2d ./Drivers/STM32F1xx_HAL_Driver/Src/stm32f1xx_hal_cortex.o
 .ARM.attributes
                0x000002b4       0x2d ./Drivers/STM32F1xx_HAL_Driver/Src/stm32f1xx_hal_gpio.o
 .ARM.attributes
                0x000002e1       0x2d ./Drivers/STM32F1xx_HAL_Driver/Src/stm32f1xx_hal_rcc.o
 .ARM.attributes
                0x0000030e       0x2d ./Drivers/STM32F1xx_HAL_Driver/Src/stm32f1xx_hal_tim.o
 .ARM.attributes
                0x0000033b       0x2d ./Drivers/STM32F1xx_HAL_Driver/Src/stm32f1xx_hal_tim_ex.o
 .ARM.attributes
                0x00000368       0x2d C:/ST/STM32CubeIDE_1.16.1/STM32CubeIDE/plugins/com.st.stm32cube.ide.mcu.externaltools.gnu-tools-for-stm32.12.3.rel1.win32_1.0.200.202406191623/tools/bin/../lib/gcc/arm-none-eabi/12.3.1/../../../../arm-none-eabi/lib/thumb/v7-m/nofp\libstdc++_nano.a(del_ops.o)
 .ARM.attributes
                0x00000395       0x2d C:/ST/STM32CubeIDE_1.16.1/STM32CubeIDE/plugins/com.st.stm32cube.ide.mcu.externaltools.gnu-tools-for-stm32.12.3.rel1.win32_1.0.200.202406191623/tools/bin/../lib/gcc/arm-none-eabi/12.3.1/../../../../arm-none-eabi/lib/thumb/v7-m/nofp\libstdc++_nano.a(new_op.o)
 .ARM.attributes
                0x000003c2       0x2d C:/ST/STM32CubeIDE_1.16.1/STM32CubeIDE/plugins/com.st.stm32cube.ide.mcu.externaltools.gnu-tools-for-stm32.12.3.rel1.win32_1.0.200.202406191623/tools/bin/../lib/gcc/arm-none-eabi/12.3.1/../../../../arm-none-eabi/lib/thumb/v7-m/nofp\libstdc++_nano.a(allocator-inst.o)
 .ARM.attributes
                0x000003ef       0x2d C:/ST/STM32CubeIDE_1.16.1/STM32CubeIDE/plugins/com.st.stm32cube.ide.mcu.externaltools.gnu-tools-for-stm32.12.3.rel1.win32_1.0.200.202406191623/tools/bin/../lib/gcc/arm-none-eabi/12.3.1/../../../../arm-none-eabi/lib/thumb/v7-m/nofp\libstdc++_nano.a(functexcept.o)
 .ARM.attributes
                0x0000041c       0x2d C:/ST/STM32CubeIDE_1.16.1/STM32CubeIDE/plugins/com.st.stm32cube.ide.mcu.externaltools.gnu-tools-for-stm32.12.3.rel1.win32_1.0.200.202406191623/tools/bin/../lib/gcc/arm-none-eabi/12.3.1/../../../../arm-none-eabi/lib/thumb/v7-m/nofp\libstdc++_nano.a(del_op.o)
 .ARM.attributes
                0x00000449       0x2d C:/ST/STM32CubeIDE_1.16.1/STM32CubeIDE/plugins/com.st.stm32cube.ide.mcu.externaltools.gnu-tools-for-stm32.12.3.rel1.win32_1.0.200.202406191623/tools/bin/../lib/gcc/arm-none-eabi/12.3.1/../../../../arm-none-eabi/lib/thumb/v7-m/nofp\libstdc++_nano.a(new_handler.o)
 .ARM.attributes
                0x00000476       0x2d C:/ST/STM32CubeIDE_1.16.1/STM32CubeIDE/plugins/com.st.stm32cube.ide.mcu.externaltools.gnu-tools-for-stm32.12.3.rel1.win32_1.0.200.202406191623/tools/bin/../lib/gcc/arm-none-eabi/12.3.1/../../../../arm-none-eabi/lib/thumb/v7-m/nofp\libc_nano.a(libc_a-abort.o)
 .ARM.attributes
                0x000004a3       0x2d C:/ST/STM32CubeIDE_1.16.1/STM32CubeIDE/plugins/com.st.stm32cube.ide.mcu.externaltools.gnu-tools-for-stm32.12.3.rel1.win32_1.0.200.202406191623/tools/bin/../lib/gcc/arm-none-eabi/12.3.1/../../../../arm-none-eabi/lib/thumb/v7-m/nofp\libc_nano.a(libc_a-malloc.o)
 .ARM.attributes
                0x000004d0       0x2d C:/ST/STM32CubeIDE_1.16.1/STM32CubeIDE/plugins/com.st.stm32cube.ide.mcu.externaltools.gnu-tools-for-stm32.12.3.rel1.win32_1.0.200.202406191623/tools/bin/../lib/gcc/arm-none-eabi/12.3.1/../../../../arm-none-eabi/lib/thumb/v7-m/nofp\libc_nano.a(libc_a-mallocr.o)
 .ARM.attributes
                0x000004fd       0x2d C:/ST/STM32CubeIDE_1.16.1/STM32CubeIDE/plugins/com.st.stm32cube.ide.mcu.externaltools.gnu-tools-for-stm32.12.3.rel1.win32_1.0.200.202406191623/tools/bin/../lib/gcc/arm-none-eabi/12.3.1/../../../../arm-none-eabi/lib/thumb/v7-m/nofp\libc_nano.a(libc_a-mlock.o)
 .ARM.attributes
                0x0000052a       0x2d C:/ST/STM32CubeIDE_1.16.1/STM32CubeIDE/plugins/com.st.stm32cube.ide.mcu.externaltools.gnu-tools-for-stm32.12.3.rel1.win32_1.0.200.202406191623/tools/bin/../lib/gcc/arm-none-eabi/12.3.1/../../../../arm-none-eabi/lib/thumb/v7-m/nofp\libc_nano.a(libc_a-findfp.o)
 .ARM.attributes
                0x00000557       0x2d C:/ST/STM32CubeIDE_1.16.1/STM32CubeIDE/plugins/com.st.stm32cube.ide.mcu.externaltools.gnu-tools-for-stm32.12.3.rel1.win32_1.0.200.202406191623/tools/bin/../lib/gcc/arm-none-eabi/12.3.1/../../../../arm-none-eabi/lib/thumb/v7-m/nofp\libc_nano.a(libc_a-memset.o)
 .ARM.attributes
                0x00000584       0x2d C:/ST/STM32CubeIDE_1.16.1/STM32CubeIDE/plugins/com.st.stm32cube.ide.mcu.externaltools.gnu-tools-for-stm32.12.3.rel1.win32_1.0.200.202406191623/tools/bin/../lib/gcc/arm-none-eabi/12.3.1/../../../../arm-none-eabi/lib/thumb/v7-m/nofp\libc_nano.a(libc_a-signal.o)
 .ARM.attributes
                0x000005b1       0x2d C:/ST/STM32CubeIDE_1.16.1/STM32CubeIDE/plugins/com.st.stm32cube.ide.mcu.externaltools.gnu-tools-for-stm32.12.3.rel1.win32_1.0.200.202406191623/tools/bin/../lib/gcc/arm-none-eabi/12.3.1/../../../../arm-none-eabi/lib/thumb/v7-m/nofp\libc_nano.a(libc_a-reent.o)
 .ARM.attributes
                0x000005de       0x2d C:/ST/STM32CubeIDE_1.16.1/STM32CubeIDE/plugins/com.st.stm32cube.ide.mcu.externaltools.gnu-tools-for-stm32.12.3.rel1.win32_1.0.200.202406191623/tools/bin/../lib/gcc/arm-none-eabi/12.3.1/../../../../arm-none-eabi/lib/thumb/v7-m/nofp\libc_nano.a(libc_a-impure.o)
 .ARM.attributes
                0x0000060b       0x2d C:/ST/STM32CubeIDE_1.16.1/STM32CubeIDE/plugins/com.st.stm32cube.ide.mcu.externaltools.gnu-tools-for-stm32.12.3.rel1.win32_1.0.200.202406191623/tools/bin/../lib/gcc/arm-none-eabi/12.3.1/../../../../arm-none-eabi/lib/thumb/v7-m/nofp\libc_nano.a(libc_a-signalr.o)
 .ARM.attributes
                0x00000638       0x2d C:/ST/STM32CubeIDE_1.16.1/STM32CubeIDE/plugins/com.st.stm32cube.ide.mcu.externaltools.gnu-tools-for-stm32.12.3.rel1.win32_1.0.200.202406191623/tools/bin/../lib/gcc/arm-none-eabi/12.3.1/../../../../arm-none-eabi/lib/thumb/v7-m/nofp\libc_nano.a(libc_a-sbrkr.o)
 .ARM.attributes
                0x00000665       0x2d C:/ST/STM32CubeIDE_1.16.1/STM32CubeIDE/plugins/com.st.stm32cube.ide.mcu.externaltools.gnu-tools-for-stm32.12.3.rel1.win32_1.0.200.202406191623/tools/bin/../lib/gcc/arm-none-eabi/12.3.1/../../../../arm-none-eabi/lib/thumb/v7-m/nofp\libc_nano.a(libc_a-errno.o)
 .ARM.attributes
                0x00000692       0x2d C:/ST/STM32CubeIDE_1.16.1/STM32CubeIDE/plugins/com.st.stm32cube.ide.mcu.externaltools.gnu-tools-for-stm32.12.3.rel1.win32_1.0.200.202406191623/tools/bin/../lib/gcc/arm-none-eabi/12.3.1/../../../../arm-none-eabi/lib/thumb/v7-m/nofp\libc_nano.a(libc_a-init.o)
 .ARM.attributes
                0x000006bf       0x2d C:/ST/STM32CubeIDE_1.16.1/STM32CubeIDE/plugins/com.st.stm32cube.ide.mcu.externaltools.gnu-tools-for-stm32.12.3.rel1.win32_1.0.200.202406191623/tools/bin/../lib/gcc/arm-none-eabi/12.3.1/../../../../arm-none-eabi/lib/thumb/v7-m/nofp\libc_nano.a(libc_a-lock.o)
 .ARM.attributes
                0x000006ec       0x2d C:/ST/STM32CubeIDE_1.16.1/STM32CubeIDE/plugins/com.st.stm32cube.ide.mcu.externaltools.gnu-tools-for-stm32.12.3.rel1.win32_1.0.200.202406191623/tools/bin/../lib/gcc/arm-none-eabi/12.3.1/../../../../arm-none-eabi/lib/thumb/v7-m/nofp\libc_nano.a(libc_a-freer.o)
 .ARM.attributes
                0x00000719       0x1d C:/ST/STM32CubeIDE_1.16.1/STM32CubeIDE/plugins/com.st.stm32cube.ide.mcu.externaltools.gnu-tools-for-stm32.12.3.rel1.win32_1.0.200.202406191623/tools/bin/../lib/gcc/arm-none-eabi/12.3.1/thumb/v7-m/nofp/crtn.o
OUTPUT(ProjectBlinky.elf elf32-littlearm)
LOAD linker stubs
LOAD C:/ST/STM32CubeIDE_1.16.1/STM32CubeIDE/plugins/com.st.stm32cube.ide.mcu.externaltools.gnu-tools-for-stm32.12.3.rel1.win32_1.0.200.202406191623/tools/bin/../lib/gcc/arm-none-eabi/12.3.1/../../../../arm-none-eabi/lib/thumb/v7-m/nofp\libc.a
LOAD C:/ST/STM32CubeIDE_1.16.1/STM32CubeIDE/plugins/com.st.stm32cube.ide.mcu.externaltools.gnu-tools-for-stm32.12.3.rel1.win32_1.0.200.202406191623/tools/bin/../lib/gcc/arm-none-eabi/12.3.1/../../../../arm-none-eabi/lib/thumb/v7-m/nofp\libm.a
LOAD C:/ST/STM32CubeIDE_1.16.1/STM32CubeIDE/plugins/com.st.stm32cube.ide.mcu.externaltools.gnu-tools-for-stm32.12.3.rel1.win32_1.0.200.202406191623/tools/bin/../lib/gcc/arm-none-eabi/12.3.1/thumb/v7-m/nofp\libgcc.a

.debug_info     0x00000000    0x112b3
 .debug_info    0x00000000      0x7d7 ./Core/Src/API.o
 .debug_info    0x000007d7     0x4a61 ./Core/Src/floodfill_library.o
 .debug_info    0x00005238      0x23e ./Core/Src/gpio.o
 .debug_info    0x00005476      0x8b0 ./Core/Src/main.o
 .debug_info    0x00005d26     0x40e4 ./Core/Src/navigation_algorithm.o
 .debug_info    0x00009e0a      0x1f1 ./Core/Src/stm32f1xx_hal_msp.o
 .debug_info    0x00009ffb      0x113 ./Core/Src/stm32f1xx_it.o
 .debug_info    0x0000a10e      0x6a3 ./Core/Src/syscalls.o
 .debug_info    0x0000a7b1      0x168 ./Core/Src/sysmem.o
 .debug_info    0x0000a919      0x222 ./Core/Src/system_stm32f1xx.o
 .debug_info    0x0000ab3b      0xa49 ./Core/Src/tim.o
 .debug_info    0x0000b584       0x30 ./Core/Startup/startup_stm32f103c8tx.o
 .debug_info    0x0000b5b4      0x704 ./Drivers/STM32F1xx_HAL_Driver/Src/stm32f1xx_hal.o
 .debug_info    0x0000bcb8      0xa87 ./Drivers/STM32F1xx_HAL_Driver/Src/stm32f1xx_hal_cortex.o
 .debug_info    0x0000c73f      0x5ab ./Drivers/STM32F1xx_HAL_Driver/Src/stm32f1xx_hal_gpio.o
 .debug_info    0x0000ccea      0x7d5 ./Drivers/STM32F1xx_HAL_Driver/Src/stm32f1xx_hal_rcc.o
 .debug_info    0x0000d4bf     0x2959 ./Drivers/STM32F1xx_HAL_Driver/Src/stm32f1xx_hal_tim.o
 .debug_info    0x0000fe18     0x149b ./Drivers/STM32F1xx_HAL_Driver/Src/stm32f1xx_hal_tim_ex.o

.debug_abbrev   0x00000000     0x2bff
 .debug_abbrev  0x00000000      0x1d3 ./Core/Src/API.o
 .debug_abbrev  0x000001d3      0x8ac ./Core/Src/floodfill_library.o
 .debug_abbrev  0x00000a7f      0x117 ./Core/Src/gpio.o
 .debug_abbrev  0x00000b96      0x24a ./Core/Src/main.o
 .debug_abbrev  0x00000de0      0x85b ./Core/Src/navigation_algorithm.o
 .debug_abbrev  0x0000163b       0xdb ./Core/Src/stm32f1xx_hal_msp.o
 .debug_abbrev  0x00001716       0x73 ./Core/Src/stm32f1xx_it.o
 .debug_abbrev  0x00001789      0x1b6 ./Core/Src/syscalls.o
 .debug_abbrev  0x0000193f       0xbc ./Core/Src/sysmem.o
 .debug_abbrev  0x000019fb      0x13f ./Core/Src/system_stm32f1xx.o
 .debug_abbrev  0x00001b3a      0x232 ./Core/Src/tim.o
 .debug_abbrev  0x00001d6c       0x24 ./Core/Startup/startup_stm32f103c8tx.o
 .debug_abbrev  0x00001d90      0x201 ./Drivers/STM32F1xx_HAL_Driver/Src/stm32f1xx_hal.o
 .debug_abbrev  0x00001f91      0x2f8 ./Drivers/STM32F1xx_HAL_Driver/Src/stm32f1xx_hal_cortex.o
 .debug_abbrev  0x00002289      0x1ca ./Drivers/STM32F1xx_HAL_Driver/Src/stm32f1xx_hal_gpio.o
 .debug_abbrev  0x00002453      0x2b3 ./Drivers/STM32F1xx_HAL_Driver/Src/stm32f1xx_hal_rcc.o
 .debug_abbrev  0x00002706      0x277 ./Drivers/STM32F1xx_HAL_Driver/Src/stm32f1xx_hal_tim.o
 .debug_abbrev  0x0000297d      0x282 ./Drivers/STM32F1xx_HAL_Driver/Src/stm32f1xx_hal_tim_ex.o

.debug_aranges  0x00000000     0x10d0
 .debug_aranges
                0x00000000       0x50 ./Core/Src/API.o
 .debug_aranges
                0x00000050      0x368 ./Core/Src/floodfill_library.o
 .debug_aranges
                0x000003b8       0x20 ./Core/Src/gpio.o
 .debug_aranges
                0x000003d8       0x30 ./Core/Src/main.o
 .debug_aranges
                0x00000408      0x2f8 ./Core/Src/navigation_algorithm.o
 .debug_aranges
                0x00000700       0x20 ./Core/Src/stm32f1xx_hal_msp.o
 .debug_aranges
                0x00000720       0x60 ./Core/Src/stm32f1xx_it.o
 .debug_aranges
                0x00000780       0xa8 ./Core/Src/syscalls.o
 .debug_aranges
                0x00000828       0x20 ./Core/Src/sysmem.o
 .debug_aranges
                0x00000848       0x28 ./Core/Src/system_stm32f1xx.o
 .debug_aranges
                0x00000870       0x38 ./Core/Src/tim.o
 .debug_aranges
                0x000008a8       0x28 ./Core/Startup/startup_stm32f103c8tx.o
 .debug_aranges
                0x000008d0       0xe0 ./Drivers/STM32F1xx_HAL_Driver/Src/stm32f1xx_hal.o
 .debug_aranges
                0x000009b0      0x100 ./Drivers/STM32F1xx_HAL_Driver/Src/stm32f1xx_hal_cortex.o
 .debug_aranges
                0x00000ab0       0x58 ./Drivers/STM32F1xx_HAL_Driver/Src/stm32f1xx_hal_gpio.o
 .debug_aranges
                0x00000b08       0x90 ./Drivers/STM32F1xx_HAL_Driver/Src/stm32f1xx_hal_rcc.o
 .debug_aranges
                0x00000b98      0x3d0 ./Drivers/STM32F1xx_HAL_Driver/Src/stm32f1xx_hal_tim.o
 .debug_aranges
                0x00000f68      0x168 ./Drivers/STM32F1xx_HAL_Driver/Src/stm32f1xx_hal_tim_ex.o

.debug_rnglists
                0x00000000      0xcb8
 .debug_rnglists
                0x00000000       0x38 ./Core/Src/API.o
 .debug_rnglists
                0x00000038      0x28f ./Core/Src/floodfill_library.o
 .debug_rnglists
                0x000002c7       0x13 ./Core/Src/gpio.o
 .debug_rnglists
                0x000002da       0x20 ./Core/Src/main.o
 .debug_rnglists
                0x000002fa      0x23b ./Core/Src/navigation_algorithm.o
 .debug_rnglists
                0x00000535       0x13 ./Core/Src/stm32f1xx_hal_msp.o
 .debug_rnglists
                0x00000548       0x43 ./Core/Src/stm32f1xx_it.o
 .debug_rnglists
                0x0000058b       0x79 ./Core/Src/syscalls.o
 .debug_rnglists
                0x00000604       0x13 ./Core/Src/sysmem.o
 .debug_rnglists
                0x00000617       0x1a ./Core/Src/system_stm32f1xx.o
 .debug_rnglists
                0x00000631       0x26 ./Core/Src/tim.o
 .debug_rnglists
                0x00000657       0x19 ./Core/Startup/startup_stm32f103c8tx.o
 .debug_rnglists
                0x00000670       0xa3 ./Drivers/STM32F1xx_HAL_Driver/Src/stm32f1xx_hal.o
 .debug_rnglists
                0x00000713       0xbb ./Drivers/STM32F1xx_HAL_Driver/Src/stm32f1xx_hal_cortex.o
 .debug_rnglists
                0x000007ce       0x3f ./Drivers/STM32F1xx_HAL_Driver/Src/stm32f1xx_hal_gpio.o
 .debug_rnglists
                0x0000080d       0x6c ./Drivers/STM32F1xx_HAL_Driver/Src/stm32f1xx_hal_rcc.o
 .debug_rnglists
                0x00000879      0x31a ./Drivers/STM32F1xx_HAL_Driver/Src/stm32f1xx_hal_tim.o
 .debug_rnglists
                0x00000b93      0x125 ./Drivers/STM32F1xx_HAL_Driver/Src/stm32f1xx_hal_tim_ex.o

.debug_macro    0x00000000    0x1acaa
 .debug_macro   0x00000000      0x1d1 ./Core/Src/API.o
 .debug_macro   0x000001d1      0xb80 ./Core/Src/API.o
 .debug_macro   0x00000d51      0x215 ./Core/Src/API.o
 .debug_macro   0x00000f66       0x2e ./Core/Src/API.o
 .debug_macro   0x00000f94       0x22 ./Core/Src/API.o
 .debug_macro   0x00000fb6       0x1c ./Core/Src/API.o
 .debug_macro   0x00000fd2       0x22 ./Core/Src/API.o
 .debug_macro   0x00000ff4       0x8e ./Core/Src/API.o
 .debug_macro   0x00001082       0x51 ./Core/Src/API.o
 .debug_macro   0x000010d3      0x103 ./Core/Src/API.o
 .debug_macro   0x000011d6       0x6a ./Core/Src/API.o
 .debug_macro   0x00001240      0x1df ./Core/Src/API.o
 .debug_macro   0x0000141f       0x1c ./Core/Src/API.o
 .debug_macro   0x0000143b       0x22 ./Core/Src/API.o
 .debug_macro   0x0000145d       0xbd ./Core/Src/API.o
 .debug_macro   0x0000151a      0xd23 ./Core/Src/API.o
 .debug_macro   0x0000223d     0xe09e ./Core/Src/API.o
 .debug_macro   0x000102db       0x6d ./Core/Src/API.o
 .debug_macro   0x00010348     0x34a2 ./Core/Src/API.o
 .debug_macro   0x000137ea      0x190 ./Core/Src/API.o
 .debug_macro   0x0001397a       0x5c ./Core/Src/API.o
 .debug_macro   0x000139d6      0x5bc ./Core/Src/API.o
 .debug_macro   0x00013f92      0x289 ./Core/Src/API.o
 .debug_macro   0x0001421b      0x1cb ./Core/Src/API.o
 .debug_macro   0x000143e6      0x114 ./Core/Src/API.o
 .debug_macro   0x000144fa      0x1b2 ./Core/Src/API.o
 .debug_macro   0x000146ac       0x27 ./Core/Src/API.o
 .debug_macro   0x000146d3      0x136 ./Core/Src/API.o
 .debug_macro   0x00014809      0x1bc ./Core/Src/API.o
 .debug_macro   0x000149c5       0x34 ./Core/Src/API.o
 .debug_macro   0x000149f9       0x3c ./Core/Src/API.o
 .debug_macro   0x00014a35       0x57 ./Core/Src/API.o
 .debug_macro   0x00014a8c       0x87 ./Core/Src/API.o
 .debug_macro   0x00014b13      0x240 ./Core/Src/API.o
 .debug_macro   0x00014d53      0x140 ./Core/Src/API.o
 .debug_macro   0x00014e93      0x8ed ./Core/Src/API.o
 .debug_macro   0x00015780       0x83 ./Core/Src/API.o
 .debug_macro   0x00015803       0x4c ./Core/Src/API.o
 .debug_macro   0x0001584f      0x26b ./Core/Src/floodfill_library.o
 .debug_macro   0x00015aba      0x1d6 ./Core/Src/floodfill_library.o
 .debug_macro   0x00015c90       0x10 ./Core/Src/floodfill_library.o
 .debug_macro   0x00015ca0      0x417 ./Core/Src/floodfill_library.o
 .debug_macro   0x000160b7       0x1c ./Core/Src/floodfill_library.o
 .debug_macro   0x000160d3       0x18 ./Core/Src/floodfill_library.o
 .debug_macro   0x000160eb       0x4f ./Core/Src/floodfill_library.o
 .debug_macro   0x0001613a       0x41 ./Core/Src/floodfill_library.o
 .debug_macro   0x0001617b       0x1f ./Core/Src/floodfill_library.o
 .debug_macro   0x0001619a       0x18 ./Core/Src/floodfill_library.o
 .debug_macro   0x000161b2       0x19 ./Core/Src/floodfill_library.o
 .debug_macro   0x000161cb       0x28 ./Core/Src/floodfill_library.o
 .debug_macro   0x000161f3       0x2e ./Core/Src/floodfill_library.o
 .debug_macro   0x00016221       0x19 ./Core/Src/floodfill_library.o
 .debug_macro   0x0001623a       0x88 ./Core/Src/floodfill_library.o
 .debug_macro   0x000162c2       0x19 ./Core/Src/floodfill_library.o
 .debug_macro   0x000162db       0x2c ./Core/Src/floodfill_library.o
 .debug_macro   0x00016307       0x11 ./Core/Src/floodfill_library.o
 .debug_macro   0x00016318       0x10 ./Core/Src/floodfill_library.o
 .debug_macro   0x00016328       0x11 ./Core/Src/floodfill_library.o
 .debug_macro   0x00016339       0x11 ./Core/Src/floodfill_library.o
 .debug_macro   0x0001634a       0x11 ./Core/Src/floodfill_library.o
 .debug_macro   0x0001635b       0x1c ./Core/Src/floodfill_library.o
 .debug_macro   0x00016377       0x2d ./Core/Src/floodfill_library.o
 .debug_macro   0x000163a4       0x11 ./Core/Src/floodfill_library.o
 .debug_macro   0x000163b5       0x26 ./Core/Src/floodfill_library.o
 .debug_macro   0x000163db      0x1b2 ./Core/Src/gpio.o
 .debug_macro   0x0001658d      0xaa8 ./Core/Src/gpio.o
 .debug_macro   0x00017035      0xd23 ./Core/Src/gpio.o
 .debug_macro   0x00017d58      0x189 ./Core/Src/gpio.o
 .debug_macro   0x00017ee1      0x1d9 ./Core/Src/main.o
 .debug_macro   0x000180ba      0x267 ./Core/Src/navigation_algorithm.o
 .debug_macro   0x00018321      0x1a8 ./Core/Src/stm32f1xx_hal_msp.o
 .debug_macro   0x000184c9      0x1b2 ./Core/Src/stm32f1xx_it.o
 .debug_macro   0x0001867b      0x274 ./Core/Src/syscalls.o
 .debug_macro   0x000188ef       0x5b ./Core/Src/syscalls.o
 .debug_macro   0x0001894a       0x24 ./Core/Src/syscalls.o
 .debug_macro   0x0001896e       0x94 ./Core/Src/syscalls.o
 .debug_macro   0x00018a02       0x43 ./Core/Src/syscalls.o
 .debug_macro   0x00018a45       0x34 ./Core/Src/syscalls.o
 .debug_macro   0x00018a79       0x57 ./Core/Src/syscalls.o
 .debug_macro   0x00018ad0      0x369 ./Core/Src/syscalls.o
 .debug_macro   0x00018e39       0x16 ./Core/Src/syscalls.o
 .debug_macro   0x00018e4f       0x43 ./Core/Src/syscalls.o
 .debug_macro   0x00018e92       0x34 ./Core/Src/syscalls.o
 .debug_macro   0x00018ec6       0x10 ./Core/Src/syscalls.o
 .debug_macro   0x00018ed6       0x58 ./Core/Src/syscalls.o
 .debug_macro   0x00018f2e       0x8e ./Core/Src/syscalls.o
 .debug_macro   0x00018fbc       0x1c ./Core/Src/syscalls.o
 .debug_macro   0x00018fd8      0x177 ./Core/Src/syscalls.o
 .debug_macro   0x0001914f       0x10 ./Core/Src/syscalls.o
 .debug_macro   0x0001915f       0x35 ./Core/Src/syscalls.o
 .debug_macro   0x00019194       0x10 ./Core/Src/syscalls.o
 .debug_macro   0x000191a4       0x10 ./Core/Src/syscalls.o
 .debug_macro   0x000191b4       0x10 ./Core/Src/syscalls.o
 .debug_macro   0x000191c4       0x1c ./Core/Src/syscalls.o
 .debug_macro   0x000191e0       0x52 ./Core/Src/syscalls.o
 .debug_macro   0x00019232       0x22 ./Core/Src/syscalls.o
 .debug_macro   0x00019254       0x10 ./Core/Src/syscalls.o
 .debug_macro   0x00019264       0x52 ./Core/Src/syscalls.o
 .debug_macro   0x000192b6       0xcf ./Core/Src/syscalls.o
 .debug_macro   0x00019385       0x1c ./Core/Src/syscalls.o
 .debug_macro   0x000193a1       0x3d ./Core/Src/syscalls.o
 .debug_macro   0x000193de       0x35 ./Core/Src/syscalls.o
 .debug_macro   0x00019413      0x12c ./Core/Src/syscalls.o
 .debug_macro   0x0001953f       0x16 ./Core/Src/syscalls.o
 .debug_macro   0x00019555       0x16 ./Core/Src/syscalls.o
 .debug_macro   0x0001956b       0x29 ./Core/Src/syscalls.o
 .debug_macro   0x00019594       0x10 ./Core/Src/syscalls.o
 .debug_macro   0x000195a4      0x242 ./Core/Src/syscalls.o
 .debug_macro   0x000197e6       0x1c ./Core/Src/syscalls.o
 .debug_macro   0x00019802       0x10 ./Core/Src/syscalls.o
 .debug_macro   0x00019812       0x10 ./Core/Src/syscalls.o
 .debug_macro   0x00019822       0x16 ./Core/Src/syscalls.o
 .debug_macro   0x00019838      0x146 ./Core/Src/syscalls.o
 .debug_macro   0x0001997e      0x18a ./Core/Src/syscalls.o
 .debug_macro   0x00019b08       0x16 ./Core/Src/syscalls.o
 .debug_macro   0x00019b1e       0xce ./Core/Src/syscalls.o
 .debug_macro   0x00019bec       0xff ./Core/Src/sysmem.o
 .debug_macro   0x00019ceb      0x23c ./Core/Src/sysmem.o
 .debug_macro   0x00019f27      0x199 ./Core/Src/system_stm32f1xx.o
 .debug_macro   0x0001a0c0      0x1b2 ./Core/Src/tim.o
 .debug_macro   0x0001a272      0x1bd ./Drivers/STM32F1xx_HAL_Driver/Src/stm32f1xx_hal.o
 .debug_macro   0x0001a42f      0x199 ./Drivers/STM32F1xx_HAL_Driver/Src/stm32f1xx_hal_cortex.o
 .debug_macro   0x0001a5c8      0x204 ./Drivers/STM32F1xx_HAL_Driver/Src/stm32f1xx_hal_gpio.o
 .debug_macro   0x0001a7cc      0x1ab ./Drivers/STM32F1xx_HAL_Driver/Src/stm32f1xx_hal_rcc.o
 .debug_macro   0x0001a977      0x19a ./Drivers/STM32F1xx_HAL_Driver/Src/stm32f1xx_hal_tim.o
 .debug_macro   0x0001ab11      0x199 ./Drivers/STM32F1xx_HAL_Driver/Src/stm32f1xx_hal_tim_ex.o

.debug_line     0x00000000     0xf33c
 .debug_line    0x00000000      0x7bb ./Core/Src/API.o
 .debug_line    0x000007bb     0x1c00 ./Core/Src/floodfill_library.o
 .debug_line    0x000023bb      0x6f5 ./Core/Src/gpio.o
 .debug_line    0x00002ab0      0x7c9 ./Core/Src/main.o
 .debug_line    0x00003279     0x19a8 ./Core/Src/navigation_algorithm.o
 .debug_line    0x00004c21      0x6ee ./Core/Src/stm32f1xx_hal_msp.o
 .debug_line    0x0000530f      0x7af ./Core/Src/stm32f1xx_it.o
 .debug_line    0x00005abe      0x8b2 ./Core/Src/syscalls.o
 .debug_line    0x00006370      0x583 ./Core/Src/sysmem.o
 .debug_line    0x000068f3      0x76b ./Core/Src/system_stm32f1xx.o
 .debug_line    0x0000705e      0x7d4 ./Core/Src/tim.o
 .debug_line    0x00007832       0x78 ./Core/Startup/startup_stm32f103c8tx.o
 .debug_line    0x000078aa      0x998 ./Drivers/STM32F1xx_HAL_Driver/Src/stm32f1xx_hal.o
 .debug_line    0x00008242      0xb84 ./Drivers/STM32F1xx_HAL_Driver/Src/stm32f1xx_hal_cortex.o
 .debug_line    0x00008dc6      0xa31 ./Drivers/STM32F1xx_HAL_Driver/Src/stm32f1xx_hal_gpio.o
 .debug_line    0x000097f7      0xda1 ./Drivers/STM32F1xx_HAL_Driver/Src/stm32f1xx_hal_rcc.o
 .debug_line    0x0000a598     0x34bd ./Drivers/STM32F1xx_HAL_Driver/Src/stm32f1xx_hal_tim.o
 .debug_line    0x0000da55     0x18e7 ./Drivers/STM32F1xx_HAL_Driver/Src/stm32f1xx_hal_tim_ex.o

.debug_str      0x00000000    0x9544c
 .debug_str     0x00000000    0x82227 ./Core/Src/API.o
                              0x82714 (size before relaxing)
 .debug_str     0x00082227     0x854b ./Core/Src/floodfill_library.o
                               0xb99e (size before relaxing)
 .debug_str     0x0008a772      0x284 ./Core/Src/gpio.o
                              0x81c09 (size before relaxing)
 .debug_str     0x0008a9f6      0x218 ./Core/Src/main.o
                              0x82878 (size before relaxing)
 .debug_str     0x0008ac0e     0x2c7e ./Core/Src/navigation_algorithm.o
                               0xa207 (size before relaxing)
 .debug_str     0x0008d88c       0x5a ./Core/Src/stm32f1xx_hal_msp.o
                              0x81bcd (size before relaxing)
 .debug_str     0x0008d8e6       0xc9 ./Core/Src/stm32f1xx_it.o
                              0x81be2 (size before relaxing)
 .debug_str     0x0008d9af     0x5782 ./Core/Src/syscalls.o
                               0x986b (size before relaxing)
 .debug_str     0x00093131       0x75 ./Core/Src/sysmem.o
                               0x6083 (size before relaxing)
 .debug_str     0x000931a6       0x7e ./Core/Src/system_stm32f1xx.o
                              0x81add (size before relaxing)
 .debug_str     0x00093224      0x21a ./Core/Src/tim.o
                              0x82313 (size before relaxing)
 .debug_str     0x0009343e       0x44 ./Core/Startup/startup_stm32f103c8tx.o
                                 0x8e (size before relaxing)
 .debug_str     0x00093482      0x602 ./Drivers/STM32F1xx_HAL_Driver/Src/stm32f1xx_hal.o
                              0x82210 (size before relaxing)
 .debug_str     0x00093a84      0x2b2 ./Drivers/STM32F1xx_HAL_Driver/Src/stm32f1xx_hal_cortex.o
                              0x8215c (size before relaxing)
 .debug_str     0x00093d36      0x2f7 ./Drivers/STM32F1xx_HAL_Driver/Src/stm32f1xx_hal_gpio.o
                              0x81e63 (size before relaxing)
 .debug_str     0x0009402d      0x229 ./Drivers/STM32F1xx_HAL_Driver/Src/stm32f1xx_hal_rcc.o
                              0x81f0c (size before relaxing)
 .debug_str     0x00094256      0xe15 ./Drivers/STM32F1xx_HAL_Driver/Src/stm32f1xx_hal_tim.o
                              0x82f0e (size before relaxing)
 .debug_str     0x0009506b      0x3e1 ./Drivers/STM32F1xx_HAL_Driver/Src/stm32f1xx_hal_tim_ex.o
                              0x8271a (size before relaxing)

.comment        0x00000000       0x43
 .comment       0x00000000       0x43 ./Core/Src/API.o
                                 0x44 (size before relaxing)
 .comment       0x00000043       0x44 ./Core/Src/floodfill_library.o
 .comment       0x00000043       0x44 ./Core/Src/gpio.o
 .comment       0x00000043       0x44 ./Core/Src/main.o
 .comment       0x00000043       0x44 ./Core/Src/navigation_algorithm.o