C:\ST\STM32CubeIDE_1.16.1\STM32CubeIDE\plugins\com.st.stm32cube.ide.mcu.externaltools.gnu-tools-for-stm32.12.3.rel1.win32_1.0.200.202406191623\tools\arm-none-eabi\include\c++\12.3.1\arm-none-eabi\thumb\v7-m\nofp\bits\gthr-default.h:229:1:int __gthread_key_delete(__gthread_key_t)	16	static
../Core/Src/mouse_movement_library.cpp:34:5:int getXPos()	4	static
../Core/Src/mouse_movement_library.cpp:38:5:int getYPos()	4	static
../Core/Src/mouse_movement_library.cpp:42:11:Direction getDirection()	4	static
../Core/Src/mouse_movement_library.cpp:48:6:void updatePos()	4	static
../Core/Src/mouse_movement_library.cpp:61:6:void changeDirect(char)	16	static
../Core/Src/mouse_movement_library.cpp:76:6:void mouseMove(char)	16	static
../Core/Src/mouse_movement_library.cpp:115:6:char translateMove(char)	40	static
../Core/Src/mouse_movement_library.cpp:131:6:void feignMove(char)	16	static
../Core/Src/mouse_movement_library.cpp:160:6:void resetMouse(int)	16	static
../Core/Src/mouse_movement_library.cpp:164:1:void __static_initialization_and_destruction_0(int, int)	16	static
../Core/Src/mouse_movement_library.cpp:164:1:cpp)	8	static
../Core/Src/mouse_movement_library.cpp:164:1:cpp)	8	static
